Archive member included to satisfy reference by file (symbol)

c:/nxp/mcuxpressoide_10.0.2_411/ide/tools/bin/../lib/gcc/arm-none-eabi/5.4.1/../../../../arm-none-eabi/lib/armv6-m\libcr_nohost_nf.a(_cr__main.o)
                              ./startup/startup_mkl25z4.o (__main)
c:/nxp/mcuxpressoide_10.0.2_411/ide/tools/bin/../lib/gcc/arm-none-eabi/5.4.1/../../../../arm-none-eabi/lib/armv6-m\libcr_c.a(memcpy.o)
                              ./drivers/fsl_flash.o (memcpy)
c:/nxp/mcuxpressoide_10.0.2_411/ide/tools/bin/../lib/gcc/arm-none-eabi/5.4.1/../../../../arm-none-eabi/lib/armv6-m\libcr_c.a(memset.o)
                              ./drivers/fsl_flash.o (memset)
c:/nxp/mcuxpressoide_10.0.2_411/ide/tools/bin/../lib/gcc/arm-none-eabi/5.4.1/../../../../arm-none-eabi/lib/armv6-m\libcr_c.a(_hugeval.o)
                              ./utilities/fsl_debug_console.o (__huge_val)
c:/nxp/mcuxpressoide_10.0.2_411/ide/tools/bin/../lib/gcc/arm-none-eabi/5.4.1/../../../../arm-none-eabi/lib/armv6-m\libcr_c.a(initio.o)
                              c:/nxp/mcuxpressoide_10.0.2_411/ide/tools/bin/../lib/gcc/arm-none-eabi/5.4.1/../../../../arm-none-eabi/lib/armv6-m\libcr_nohost_nf.a(_cr__main.o) (_initio)
c:/nxp/mcuxpressoide_10.0.2_411/ide/tools/bin/../lib/gcc/arm-none-eabi/5.4.1/../../../../arm-none-eabi/lib/armv6-m\libcr_c.a(modf.o)
                              ./utilities/fsl_debug_console.o (modf)
c:/nxp/mcuxpressoide_10.0.2_411/ide/tools/bin/../lib/gcc/arm-none-eabi/5.4.1/../../../../arm-none-eabi/lib/armv6-m\libcr_c.a(pow.o)
                              ./utilities/fsl_debug_console.o (pow)
c:/nxp/mcuxpressoide_10.0.2_411/ide/tools/bin/../lib/gcc/arm-none-eabi/5.4.1/../../../../arm-none-eabi/lib/armv6-m\libcr_c.a(scanf.o)
                              ./utilities/fsl_debug_console.o (strtod)
c:/nxp/mcuxpressoide_10.0.2_411/ide/tools/bin/../lib/gcc/arm-none-eabi/5.4.1/../../../../arm-none-eabi/lib/armv6-m\libcr_c.a(setvbuf.o)
                              c:/nxp/mcuxpressoide_10.0.2_411/ide/tools/bin/../lib/gcc/arm-none-eabi/5.4.1/../../../../arm-none-eabi/lib/armv6-m\libcr_c.a(initio.o) (setvbuf)
c:/nxp/mcuxpressoide_10.0.2_411/ide/tools/bin/../lib/gcc/arm-none-eabi/5.4.1/../../../../arm-none-eabi/lib/armv6-m\libcr_c.a(strlen.o)
                              ./utilities/fsl_debug_console.o (strlen)
c:/nxp/mcuxpressoide_10.0.2_411/ide/tools/bin/../lib/gcc/arm-none-eabi/5.4.1/../../../../arm-none-eabi/lib/armv6-m\libcr_c.a(ungetc.o)
                              c:/nxp/mcuxpressoide_10.0.2_411/ide/tools/bin/../lib/gcc/arm-none-eabi/5.4.1/../../../../arm-none-eabi/lib/armv6-m\libcr_c.a(scanf.o) (ungetc)
c:/nxp/mcuxpressoide_10.0.2_411/ide/tools/bin/../lib/gcc/arm-none-eabi/5.4.1/../../../../arm-none-eabi/lib/armv6-m\libcr_c.a(__fillbuf.o)
                              c:/nxp/mcuxpressoide_10.0.2_411/ide/tools/bin/../lib/gcc/arm-none-eabi/5.4.1/../../../../arm-none-eabi/lib/armv6-m\libcr_c.a(scanf.o) (__filbuf)
c:/nxp/mcuxpressoide_10.0.2_411/ide/tools/bin/../lib/gcc/arm-none-eabi/5.4.1/../../../../arm-none-eabi/lib/armv6-m\libcr_c.a(_deferredlazyseek.o)
                              c:/nxp/mcuxpressoide_10.0.2_411/ide/tools/bin/../lib/gcc/arm-none-eabi/5.4.1/../../../../arm-none-eabi/lib/armv6-m\libcr_c.a(__fillbuf.o) (_deferredlazyseek)
c:/nxp/mcuxpressoide_10.0.2_411/ide/tools/bin/../lib/gcc/arm-none-eabi/5.4.1/../../../../arm-none-eabi/lib/armv6-m\libcr_c.a(_fdopen.o)
                              c:/nxp/mcuxpressoide_10.0.2_411/ide/tools/bin/../lib/gcc/arm-none-eabi/5.4.1/../../../../arm-none-eabi/lib/armv6-m\libcr_c.a(initio.o) (_fdopen)
c:/nxp/mcuxpressoide_10.0.2_411/ide/tools/bin/../lib/gcc/arm-none-eabi/5.4.1/../../../../arm-none-eabi/lib/armv6-m\libcr_c.a(_fflush.o)
                              c:/nxp/mcuxpressoide_10.0.2_411/ide/tools/bin/../lib/gcc/arm-none-eabi/5.4.1/../../../../arm-none-eabi/lib/armv6-m\libcr_c.a(__fillbuf.o) (_fflush)
c:/nxp/mcuxpressoide_10.0.2_411/ide/tools/bin/../lib/gcc/arm-none-eabi/5.4.1/../../../../arm-none-eabi/lib/armv6-m\libcr_c.a(_frexpl.o)
                              c:/nxp/mcuxpressoide_10.0.2_411/ide/tools/bin/../lib/gcc/arm-none-eabi/5.4.1/../../../../arm-none-eabi/lib/armv6-m\libcr_c.a(scanf.o) (_frexpl)
c:/nxp/mcuxpressoide_10.0.2_411/ide/tools/bin/../lib/gcc/arm-none-eabi/5.4.1/../../../../arm-none-eabi/lib/armv6-m\libcr_c.a(_ldexpl.o)
                              c:/nxp/mcuxpressoide_10.0.2_411/ide/tools/bin/../lib/gcc/arm-none-eabi/5.4.1/../../../../arm-none-eabi/lib/armv6-m\libcr_c.a(scanf.o) (_ldexpl)
c:/nxp/mcuxpressoide_10.0.2_411/ide/tools/bin/../lib/gcc/arm-none-eabi/5.4.1/../../../../arm-none-eabi/lib/armv6-m\libcr_c.a(_writebuf.o)
                              c:/nxp/mcuxpressoide_10.0.2_411/ide/tools/bin/../lib/gcc/arm-none-eabi/5.4.1/../../../../arm-none-eabi/lib/armv6-m\libcr_c.a(_deferredlazyseek.o) (_Cwritebuf)
[...]
Memory Configuration

Name             Origin             Length             Attributes
PROGRAM_FLASH    0x00000000         0x00020000         xr
SRAM             0x1ffff000         0x00004000         xrw
*default*        0x00000000         0xffffffff

Linker script and memory map

LOAD ./utilities/fsl_debug_console.o
LOAD ./startup/startup_mkl25z4.o
LOAD ./source/TFC_Test.o
LOAD ./source/mtb.o
LOAD ./drivers/fsl_adc16.o
LOAD ./drivers/fsl_clock.o
LOAD ./drivers/fsl_common.o
LOAD ./drivers/fsl_flash.o
LOAD ./drivers/fsl_gpio.o
LOAD ./drivers/fsl_lpsci.o
LOAD ./drivers/fsl_smc.o
LOAD ./drivers/fsl_uart.o
LOAD ./board/board.o
LOAD ./board/clock_config.o
LOAD ./board/pin_mux.o
LOAD ./TFC/TFC.o
LOAD ./TFC/TFC_ADC.o
LOAD ./TFC/TFC_ARM_SysTick.o
LOAD ./TFC/TFC_BoardSupport.o
LOAD ./TFC/TFC_LineScanCamera.o
LOAD ./TFC/TFC_Motor.o
LOAD ./TFC/TFC_Servo.o
LOAD ./CMSIS/system_MKL25Z4.o
START GROUP
LOAD c:/nxp/mcuxpressoide_10.0.2_411/ide/tools/bin/../lib/gcc/arm-none-eabi/5.4.1/../../../../arm-none-eabi/lib/armv6-m\libcr_nohost_nf.a
LOAD c:/nxp/mcuxpressoide_10.0.2_411/ide/tools/bin/../lib/gcc/arm-none-eabi/5.4.1/../../../../arm-none-eabi/lib/armv6-m\libcr_c.a
LOAD c:/nxp/mcuxpressoide_10.0.2_411/ide/tools/bin/../lib/gcc/arm-none-eabi/5.4.1/armv6-m\libcr_eabihelpers.a
END GROUP
                0x00000000                __base_PROGRAM_FLASH = 0x0
                0x00000000                __base_Flash = 0x0
                0x00020000                __top_PROGRAM_FLASH = 0x20000
                0x00020000                __top_Flash = 0x20000
                0x1ffff000                __base_SRAM = 0x1ffff000
                0x1ffff000                __base_RAM = 0x1ffff000
                0x20003000                __top_SRAM = 0x20003000
                0x20003000                __top_RAM = 0x20003000

.text           0x00000000     0x81bc
 FILL mask 0xff
                0x00000000                __vectors_start__ = ABSOLUTE (.)
 *(.isr_vector)
 .isr_vector    0x00000000       0xc0 ./startup/startup_mkl25z4.o
                0x00000000                g_pfnVectors
                0x00000000                __Vectors
                0x000000c0                . = ALIGN (0x4)
                0x000000c0                __section_table_start = .
                0x000000c0                __data_section_table = .
                0x000000c0        0x4 LONG 0x81bc LOADADDR (.data)
                0x000000c4        0x4 LONG 0x1ffff080 ADDR (.data)
                0x000000c8        0x4 LONG 0x14 SIZEOF (.data)
                0x000000cc                __data_section_table_end = .
                0x000000cc                __bss_section_table = .
                0x000000cc        0x4 LONG 0x1ffff098 ADDR (.bss)
                0x000000d0        0x4 LONG 0x53c SIZEOF (.bss)
                0x000000d4                __bss_section_table_end = .
                0x000000d4                __section_table_end = .
 *(.after_vectors*)
 .after_vectors.init_data
                0x000000d4       0x18 ./startup/startup_mkl25z4.o
                0x000000d4                data_init
 .after_vectors.init_bss
                0x000000ec       0x14 ./startup/startup_mkl25z4.o
                0x000000ec                bss_init
 .after_vectors.reset
                0x00000100       0x4c ./startup/startup_mkl25z4.o
                0x00000100                ResetISR
 .after_vectors
                0x0000014c      0x118 ./startup/startup_mkl25z4.o
                0x0000014c                NMI_Handler
                0x00000150                HardFault_Handler
                0x00000154                SVC_Handler
                0x00000158                PendSV_Handler
                0x00000160                SPI1_DriverIRQHandler
                0x00000160                LPTMR0_DriverIRQHandler
                0x00000160                Reserved39_DriverIRQHandler
                0x00000160                DMA0_DriverIRQHandler
                0x00000160                I2C0_DriverIRQHandler
                0x00000160                PORTD_DriverIRQHandler
                0x00000160                DMA2_DriverIRQHandler
                0x00000160                CMP0_DriverIRQHandler
                0x00000160                TPM2_DriverIRQHandler
                0x00000160                ADC0_DriverIRQHandler
                0x00000160                SPI0_DriverIRQHandler
                0x00000160                TSI0_DriverIRQHandler
                0x00000160                RTC_Seconds_DriverIRQHandler
                0x00000160                I2C1_DriverIRQHandler
                0x00000160                Reserved45_DriverIRQHandler
                0x00000160                LLWU_DriverIRQHandler
                0x00000160                MCG_DriverIRQHandler
                0x00000160                DMA1_DriverIRQHandler
                0x00000160                PIT_DriverIRQHandler
                0x00000160                FTFA_DriverIRQHandler
                0x00000160                IntDefaultHandler
                0x00000160                USB0_DriverIRQHandler
                0x00000160                DAC0_DriverIRQHandler
                0x00000160                RTC_DriverIRQHandler
                0x00000160                LVD_LVW_DriverIRQHandler
                0x00000160                TPM0_DriverIRQHandler
                0x00000160                TPM1_DriverIRQHandler
                0x00000160                PORTA_DriverIRQHandler
                0x00000160                Reserved20_DriverIRQHandler
                0x00000160                DMA3_DriverIRQHandler
                0x00000164                DMA0_IRQHandler
                0x0000016c                DMA1_IRQHandler
                0x00000174                DMA2_IRQHandler
                0x0000017c                DMA3_IRQHandler
                0x00000184                Reserved20_IRQHandler
                0x0000018c                FTFA_IRQHandler
                0x00000194                LVD_LVW_IRQHandler
                0x0000019c                LLWU_IRQHandler
                0x000001a4                I2C0_IRQHandler
                0x000001ac                I2C1_IRQHandler
                0x000001b4                SPI0_IRQHandler
                0x000001bc                SPI1_IRQHandler
                0x000001c4                UART0_IRQHandler
                0x000001cc                UART1_IRQHandler
                0x000001d4                UART2_IRQHandler
                0x000001e4                CMP0_IRQHandler
                0x000001ec                TPM0_IRQHandler
                0x000001fc                TPM2_IRQHandler
                0x00000204                RTC_IRQHandler
                0x0000020c                RTC_Seconds_IRQHandler
                0x0000021c                Reserved39_IRQHandler
                0x00000224                USB0_IRQHandler
                0x0000022c                DAC0_IRQHandler
                0x00000234                TSI0_IRQHandler
                0x0000023c                MCG_IRQHandler
                0x00000244                LPTMR0_IRQHandler
                0x0000024c                Reserved45_IRQHandler
                0x00000254                PORTA_IRQHandler
                0x0000025c                PORTD_IRQHandler
                0x00000400                . = 0x400
 *fill*         0x00000264      0x19c ff
                0x00000400                PROVIDE (__FLASH_CONFIG_START__, .)
 *(.FlashConfig)
 .FlashConfig   0x00000400       0x10 ./startup/startup_mkl25z4.o
                0x00000400                Flash_Config
                0x00000410                PROVIDE (__FLASH_CONFIG_END__, .)
                0x00000001                ASSERT (! ((__FLASH_CONFIG_START__ == __FLASH_CONFIG_END__)), Linker Flash Config Support Enabled, but no .FlashConfig section provided within application)
 *(.text*)
 .text.UART_EnableTx
                0x00000410       0x40 ./utilities/fsl_debug_console.o
 .text.UART_EnableRx
                0x00000450       0x40 ./utilities/fsl_debug_console.o
 .text.LPSCI_EnableTx
                0x00000490       0x40 ./utilities/fsl_debug_console.o
 .text.LPSCI_EnableRx
                0x000004d0       0x40 ./utilities/fsl_debug_console.o
 .text.DbgConsole_Init
                0x00000510       0xf4 ./utilities/fsl_debug_console.o
                0x00000510                DbgConsole_Init
 .text.DbgConsole_Printf
                0x00000604       0x44 ./utilities/fsl_debug_console.o
                0x00000604                DbgConsole_Printf
 .text.DbgConsole_Putchar
                0x00000648       0x34 ./utilities/fsl_debug_console.o
                0x00000648                DbgConsole_Putchar
 .text.DbgConsole_Scanf
                0x0000067c       0xc4 ./utilities/fsl_debug_console.o
                0x0000067c                DbgConsole_Scanf
 .text.DbgConsole_Getchar
                0x00000740       0x40 ./utilities/fsl_debug_console.o
                0x00000740                DbgConsole_Getchar
 .text.DbgConsole_ScanIgnoreWhiteSpace
                0x00000780       0x8c ./utilities/fsl_debug_console.o
 .text.DbgConsole_PrintfPaddingCharacter
                0x0000080c       0x48 ./utilities/fsl_debug_console.o
 .text.DbgConsole_ConvertRadixNumToString
                0x00000854      0x1d0 ./utilities/fsl_debug_console.o
 .text.DbgConsole_ConvertFloatRadixNumToString
                0x00000a24      0x29c ./utilities/fsl_debug_console.o
 .text.DbgConsole_PrintfFormattedData
                0x00000cc0      0xc90 ./utilities/fsl_debug_console.o
 .text.DbgConsole_ScanfFormattedData
                0x00001950      0x910 ./utilities/fsl_debug_console.o
 .text.main     0x00002260      0x248 ./source/TFC_Test.o
                0x00002260                main
 .text.CLOCK_SetEr32kClock
                0x000024a8       0x30 ./drivers/fsl_clock.o
 .text.CLOCK_SetPllFllSelClock
                0x000024d8       0x38 ./drivers/fsl_clock.o
 .text.OSC_SetExtRefClkConfig
                0x00002510       0x48 ./drivers/fsl_clock.o
 .text.OSC_SetCapLoad
                0x00002558       0x4c ./drivers/fsl_clock.o
 .text.CLOCK_GetMcgExtClkFreq
                0x000025a4       0x28 ./drivers/fsl_clock.o
 .text.CLOCK_GetFllExtRefClkFreq
                0x000025cc       0xa4 ./drivers/fsl_clock.o
 .text.CLOCK_GetInternalRefClkSelectFreq
                0x00002670       0x40 ./drivers/fsl_clock.o
 .text.CLOCK_GetFllRefClkFreq
                0x000026b0       0x30 ./drivers/fsl_clock.o
 .text.CLOCK_GetPll0RefFreq
                0x000026e0       0x10 ./drivers/fsl_clock.o
 .text.CLOCK_GetOscRangeFromFreq
                0x000026f0       0x4c ./drivers/fsl_clock.o
 .text.CLOCK_GetPllFllSelClkFreq
                0x0000273c       0x50 ./drivers/fsl_clock.o
                0x0000273c                CLOCK_GetPllFllSelClkFreq
 .text.CLOCK_GetCoreSysClkFreq
                0x0000278c       0x2c ./drivers/fsl_clock.o
                0x0000278c                CLOCK_GetCoreSysClkFreq
 .text.CLOCK_SetSimConfig
                0x000027b8       0x38 ./drivers/fsl_clock.o
                0x000027b8                CLOCK_SetSimConfig
 .text.CLOCK_GetOutClkFreq
                0x000027f0       0x64 ./drivers/fsl_clock.o
                0x000027f0                CLOCK_GetOutClkFreq
 .text.CLOCK_GetFllFreq
                0x00002854       0x84 ./drivers/fsl_clock.o
                0x00002854                CLOCK_GetFllFreq
 .text.CLOCK_GetPll0Freq
                0x000028d8       0x70 ./drivers/fsl_clock.o
                0x000028d8                CLOCK_GetPll0Freq
 .text.CLOCK_SetExternalRefClkConfig
                0x00002948       0x18 ./drivers/fsl_clock.o
                0x00002948                CLOCK_SetExternalRefClkConfig
 .text.CLOCK_SetInternalRefClkConfig
                0x00002960      0x12c ./drivers/fsl_clock.o
                0x00002960                CLOCK_SetInternalRefClkConfig
 .text.CLOCK_EnablePll0
                0x00002a8c       0x98 ./drivers/fsl_clock.o
                0x00002a8c                CLOCK_EnablePll0
 .text.CLOCK_InitOsc0
                0x00002b24       0x98 ./drivers/fsl_clock.o
                0x00002b24                CLOCK_InitOsc0
 .text.CLOCK_SetPbeMode
                0x00002bbc       0xb0 ./drivers/fsl_clock.o
                0x00002bbc                CLOCK_SetPbeMode
 .text.CLOCK_BootToPeeMode
                0x00002c6c       0x70 ./drivers/fsl_clock.o
                0x00002c6c                CLOCK_BootToPeeMode
 .text.__assertion_failed
                0x00002cdc       0x1c ./drivers/fsl_common.o
                0x00002cdc                __assertion_failed
 .text.CLOCK_EnableClock
                0x00002cf8       0x38 ./drivers/fsl_lpsci.o
 .text.LPSCI_GetInstance
                0x00002d30       0x48 ./drivers/fsl_lpsci.o
                0x00002d30                LPSCI_GetInstance
 .text.LPSCI_Init
                0x00002d78      0x270 ./drivers/fsl_lpsci.o
                0x00002d78                LPSCI_Init
 .text.LPSCI_GetDefaultConfig
                0x00002fe8       0x44 ./drivers/fsl_lpsci.o
                0x00002fe8                LPSCI_GetDefaultConfig
 .text.LPSCI_GetStatusFlags
                0x0000302c       0x28 ./drivers/fsl_lpsci.o
                0x0000302c                LPSCI_GetStatusFlags
 .text.LPSCI_ClearStatusFlags
                0x00003054       0x98 ./drivers/fsl_lpsci.o
                0x00003054                LPSCI_ClearStatusFlags
 .text.LPSCI_WriteBlocking
                0x000030ec       0x4c ./drivers/fsl_lpsci.o
                0x000030ec                LPSCI_WriteBlocking
 .text.LPSCI_ReadBlocking
                0x00003138       0xc0 ./drivers/fsl_lpsci.o
                0x00003138                LPSCI_ReadBlocking
 .text.UART0_DriverIRQHandler
                0x000031f8       0x24 ./drivers/fsl_lpsci.o
                0x000031f8                UART0_DriverIRQHandler
 .text.CLOCK_EnableClock
                0x0000321c       0x38 ./drivers/fsl_uart.o
 .text.UART_GetInstance
                0x00003254       0x54 ./drivers/fsl_uart.o
                0x00003254                UART_GetInstance
 .text.UART_Init
                0x000032a8      0x1fc ./drivers/fsl_uart.o
                0x000032a8                UART_Init
 .text.UART_GetDefaultConfig
                0x000034a4       0x44 ./drivers/fsl_uart.o
                0x000034a4                UART_GetDefaultConfig
 .text.UART_GetStatusFlags
                0x000034e8       0x28 ./drivers/fsl_uart.o
                0x000034e8                UART_GetStatusFlags
 .text.UART_WriteBlocking
                0x00003510       0x3c ./drivers/fsl_uart.o
                0x00003510                UART_WriteBlocking
 .text.UART_ReadBlocking
                0x0000354c       0x98 ./drivers/fsl_uart.o
                0x0000354c                UART_ReadBlocking
 .text.UART1_DriverIRQHandler
                0x000035e4       0x24 ./drivers/fsl_uart.o
                0x000035e4                UART1_DriverIRQHandler
 .text.UART2_DriverIRQHandler
                0x00003608       0x24 ./drivers/fsl_uart.o
                0x00003608                UART2_DriverIRQHandler
 .text.CLOCK_SetLpsci0Clock
                0x0000362c       0x38 ./board/board.o
 .text.BOARD_InitDebugConsole
                0x00003664       0x30 ./board/board.o
                0x00003664                BOARD_InitDebugConsole
 .text.CLOCK_SetSimSafeDivs
                0x00003694       0x20 ./board/clock_config.o
 .text.CLOCK_SetXtal0Freq
                0x000036b4       0x1c ./board/clock_config.o
 .text.CLOCK_CONFIG_SetFllExtRefDiv
                0x000036d0       0x3c ./board/clock_config.o
 .text.BOARD_BootClockRUN
                0x0000370c       0x64 ./board/clock_config.o
                0x0000370c                BOARD_BootClockRUN
 .text.CLOCK_EnableClock
                0x00003770       0x38 ./board/pin_mux.o
 .text.PORT_SetPinMux
                0x000037a8       0x40 ./board/pin_mux.o
 .text.BOARD_InitPins
                0x000037e8       0x4c ./board/pin_mux.o
                0x000037e8                BOARD_InitPins
 .text.TFC_Init
                0x00003834       0x30 ./TFC/TFC.o
                0x00003834                TFC_Init
 .text.NVIC_EnableIRQ
                0x00003864       0x2c ./TFC/TFC_ADC.o
 .text.NVIC_DisableIRQ
                0x00003890       0x30 ./TFC/TFC_ADC.o
 .text.EnableIRQ
                0x000038c0       0x2c ./TFC/TFC_ADC.o
 .text.DisableIRQ
                0x000038ec       0x2c ./TFC/TFC_ADC.o
 .text.ADC_Cal  0x00003918      0x1b0 ./TFC/TFC_ADC.o
                0x00003918                ADC_Cal
 .text.ADC_Config_Alt
                0x00003ac8       0x64 ./TFC/TFC_ADC.o
                0x00003ac8                ADC_Config_Alt
 .text.InitADC0
                0x00003b2c       0x90 ./TFC/TFC_ADC.o
                0x00003b2c                InitADC0
 .text.TFC_InitADCs
                0x00003bbc       0x70 ./TFC/TFC_ADC.o
                0x00003bbc                TFC_InitADCs
 .text.PIT_IRQHandler
                0x00003c2c       0x44 ./TFC/TFC_ADC.o
                0x00003c2c                PIT_IRQHandler
 .text.ADC0_IRQHandler
                0x00003c70      0x22c ./TFC/TFC_ADC.o
                0x00003c70                ADC0_IRQHandler
 .text.NVIC_SetPriority
                0x00003e9c       0xdc ./TFC/TFC_ARM_SysTick.o
 .text.SysTick_Config
                0x00003f78       0x48 ./TFC/TFC_ARM_SysTick.o
 .text.TFC_InitSysTick
                0x00003fc0       0x50 ./TFC/TFC_ARM_SysTick.o
                0x00003fc0                TFC_InitSysTick
 .text.SysTick_Handler
                0x00004010       0x64 ./TFC/TFC_ARM_SysTick.o
                0x00004010                SysTick_Handler
 .text.TFC_Delay_mS
                0x00004074       0x28 ./TFC/TFC_ARM_SysTick.o
                0x00004074                TFC_Delay_mS
 .text.TFC_InitGPIO
                0x0000409c       0x24 ./TFC/TFC_BoardSupport.o
                0x0000409c                TFC_InitGPIO
 .text.TFC_InitLineScanCamera
                0x000040c0       0xc8 ./TFC/TFC_LineScanCamera.o
                0x000040c0                TFC_InitLineScanCamera
 .text.TFC_SetLineScanExposureTime
                0x00004188       0x5c ./TFC/TFC_LineScanCamera.o
                0x00004188                TFC_SetLineScanExposureTime
 .text.TFC_InitMotorPWM
                0x000041e4       0xd8 ./TFC/TFC_Motor.o
                0x000041e4                TFC_InitMotorPWM
 .text.TFC_SetMotorPWM
                0x000042bc      0x120 ./TFC/TFC_Motor.o
                0x000042bc                TFC_SetMotorPWM
 .text.NVIC_EnableIRQ
                0x000043dc       0x2c ./TFC/TFC_Servo.o
 .text.TPM1_IRQHandler
                0x00004408       0x58 ./TFC/TFC_Servo.o
                0x00004408                TPM1_IRQHandler
 .text.TFC_InitServos
                0x00004460      0x144 ./TFC/TFC_Servo.o
                0x00004460                TFC_InitServos
 .text.TFC_SetServoDutyCycle
                0x000045a4       0x78 ./TFC/TFC_Servo.o
                0x000045a4                TFC_SetServoDutyCycle
 .text.TFC_SetServo
                0x0000461c       0xa8 ./TFC/TFC_Servo.o
                0x0000461c                TFC_SetServo
 .text.SystemInit
                0x000046c4       0x18 ./CMSIS/system_MKL25Z4.o
                0x000046c4                SystemInit
 .text.__main   0x000046dc        0xc c:/nxp/mcuxpressoide_10.0.2_411/ide/tools/bin/../lib/gcc/arm-none-eabi/5.4.1/../../../../arm-none-eabi/lib/armv6-m\libcr_nohost_nf.a(_cr__main.o)
                0x000046dc                __main
 .text.memset   0x000046e8        0x8 c:/nxp/mcuxpressoide_10.0.2_411/ide/tools/bin/../lib/gcc/arm-none-eabi/5.4.1/../../../../arm-none-eabi/lib/armv6-m\libcr_c.a(memset.o)
                0x000046e8                memset
 .text._initio  0x000046f0       0x7c c:/nxp/mcuxpressoide_10.0.2_411/ide/tools/bin/../lib/gcc/arm-none-eabi/5.4.1/../../../../arm-none-eabi/lib/armv6-m\libcr_c.a(initio.o)
                0x000046f0                _initio
 .text.modf     0x0000476c       0x90 c:/nxp/mcuxpressoide_10.0.2_411/ide/tools/bin/../lib/gcc/arm-none-eabi/5.4.1/../../../../arm-none-eabi/lib/armv6-m\libcr_c.a(modf.o)
                0x0000476c                modf
 .text.pow      0x000047fc      0x554 c:/nxp/mcuxpressoide_10.0.2_411/ide/tools/bin/../lib/gcc/arm-none-eabi/5.4.1/../../../../arm-none-eabi/lib/armv6-m\libcr_c.a(pow.o)
                0x000047fc                pow
 .text.ch_val   0x00004d50       0x30 c:/nxp/mcuxpressoide_10.0.2_411/ide/tools/bin/../lib/gcc/arm-none-eabi/5.4.1/../../../../arm-none-eabi/lib/armv6-m\libcr_c.a(scanf.o)
 .text.cr_rd_int
                0x00004d80      0x1f0 c:/nxp/mcuxpressoide_10.0.2_411/ide/tools/bin/../lib/gcc/arm-none-eabi/5.4.1/../../../../arm-none-eabi/lib/armv6-m\libcr_c.a(scanf.o)
 .text.vfscanf  0x00004f70      0x964 c:/nxp/mcuxpressoide_10.0.2_411/ide/tools/bin/../lib/gcc/arm-none-eabi/5.4.1/../../../../arm-none-eabi/lib/armv6-m\libcr_c.a(scanf.o)
                0x00004f70                vfscanf
 .text.sscanf   0x000058d4       0x3c c:/nxp/mcuxpressoide_10.0.2_411/ide/tools/bin/../lib/gcc/arm-none-eabi/5.4.1/../../../../arm-none-eabi/lib/armv6-m\libcr_c.a(scanf.o)
                0x000058d4                sscanf
 .text.strtod   0x00005910       0x3c c:/nxp/mcuxpressoide_10.0.2_411/ide/tools/bin/../lib/gcc/arm-none-eabi/5.4.1/../../../../arm-none-eabi/lib/armv6-m\libcr_c.a(scanf.o)
                0x00005910                strtod
 .text.setvbuf  0x0000594c       0x4c c:/nxp/mcuxpressoide_10.0.2_411/ide/tools/bin/../lib/gcc/arm-none-eabi/5.4.1/../../../../arm-none-eabi/lib/armv6-m\libcr_c.a(setvbuf.o)
                0x0000594c                setvbuf
 .text.strlen   0x00005998       0x54 c:/nxp/mcuxpressoide_10.0.2_411/ide/tools/bin/../lib/gcc/arm-none-eabi/5.4.1/../../../../arm-none-eabi/lib/armv6-m\libcr_c.a(strlen.o)
                0x00005998                strlen
 .text.ungetc   0x000059ec       0x40 c:/nxp/mcuxpressoide_10.0.2_411/ide/tools/bin/../lib/gcc/arm-none-eabi/5.4.1/../../../../arm-none-eabi/lib/armv6-m\libcr_c.a(ungetc.o)
                0x000059ec                ungetc
 .text._Csys_read_
                0x00005a2c       0x22 c:/nxp/mcuxpressoide_10.0.2_411/ide/tools/bin/../lib/gcc/arm-none-eabi/5.4.1/../../../../arm-none-eabi/lib/armv6-m\libcr_c.a(__fillbuf.o)
                0x00005a2c                _Csys_read_
 *fill*         0x00005a4e        0x2 ff
 .text.__filbuf
                0x00005a50      0x188 c:/nxp/mcuxpressoide_10.0.2_411/ide/tools/bin/../lib/gcc/arm-none-eabi/5.4.1/../../../../arm-none-eabi/lib/armv6-m\libcr_c.a(__fillbuf.o)
                0x00005a50                __filbuf
 .text._deferredlazyseek
                0x00005bd8       0x40 c:/nxp/mcuxpressoide_10.0.2_411/ide/tools/bin/../lib/gcc/arm-none-eabi/5.4.1/../../../../arm-none-eabi/lib/armv6-m\libcr_c.a(_deferredlazyseek.o)
                0x00005bd8                _deferredlazyseek
 .text._fdopen  0x00005c18       0x74 c:/nxp/mcuxpressoide_10.0.2_411/ide/tools/bin/../lib/gcc/arm-none-eabi/5.4.1/../../../../arm-none-eabi/lib/armv6-m\libcr_c.a(_fdopen.o)
                0x00005c18                _fdopen
 .text._fflush  0x00005c8c       0x60 c:/nxp/mcuxpressoide_10.0.2_411/ide/tools/bin/../lib/gcc/arm-none-eabi/5.4.1/../../../../arm-none-eabi/lib/armv6-m\libcr_c.a(_fflush.o)
                0x00005c8c                _fflush
 .text._frexpl  0x00005cec       0x80 c:/nxp/mcuxpressoide_10.0.2_411/ide/tools/bin/../lib/gcc/arm-none-eabi/5.4.1/../../../../arm-none-eabi/lib/armv6-m\libcr_c.a(_frexpl.o)
                0x00005cec                _frexpl
 .text._ldexpl  0x00005d6c       0x58 c:/nxp/mcuxpressoide_10.0.2_411/ide/tools/bin/../lib/gcc/arm-none-eabi/5.4.1/../../../../arm-none-eabi/lib/armv6-m\libcr_c.a(_ldexpl.o)
                0x00005d6c                _ldexpl
 .text._Cwritebuf
                0x00005dc4       0x6c c:/nxp/mcuxpressoide_10.0.2_411/ide/tools/bin/../lib/gcc/arm-none-eabi/5.4.1/../../../../arm-none-eabi/lib/armv6-m\libcr_c.a(_writebuf.o)
                0x00005dc4                _Cwritebuf
 .text.malloc   0x00005e30       0xcc c:/nxp/mcuxpressoide_10.0.2_411/ide/tools/bin/../lib/gcc/arm-none-eabi/5.4.1/../../../../arm-none-eabi/lib/armv6-m\libcr_c.a(alloc.o)
                0x00005e30                malloc
 .text.free     0x00005efc       0x2e c:/nxp/mcuxpressoide_10.0.2_411/ide/tools/bin/../lib/gcc/arm-none-eabi/5.4.1/../../../../arm-none-eabi/lib/armv6-m\libcr_c.a(alloc.o)
                0x00005efc                free
 *fill*         0x00005f2a        0x2 ff
 .text._Csys_alloc
                0x00005f2c       0x20 c:/nxp/mcuxpressoide_10.0.2_411/ide/tools/bin/../lib/gcc/arm-none-eabi/5.4.1/../../../../arm-none-eabi/lib/armv6-m\libcr_c.a(alloc.o)
                0x00005f2c                _Csys_alloc
 .text.fclose   0x00005f4c       0x5c c:/nxp/mcuxpressoide_10.0.2_411/ide/tools/bin/../lib/gcc/arm-none-eabi/5.4.1/../../../../arm-none-eabi/lib/armv6-m\libcr_c.a(fclose.o)
                0x00005f4c                fclose
 .text.fflush   0x00005fa8       0x44 c:/nxp/mcuxpressoide_10.0.2_411/ide/tools/bin/../lib/gcc/arm-none-eabi/5.4.1/../../../../arm-none-eabi/lib/armv6-m\libcr_c.a(fflush.o)
                0x00005fa8                fflush
 .text.frexp    0x00005fec       0x80 c:/nxp/mcuxpressoide_10.0.2_411/ide/tools/bin/../lib/gcc/arm-none-eabi/5.4.1/../../../../arm-none-eabi/lib/armv6-m\libcr_c.a(frexp.o)
                0x00005fec                frexp
 .text.fseek    0x0000606c       0xf0 c:/nxp/mcuxpressoide_10.0.2_411/ide/tools/bin/../lib/gcc/arm-none-eabi/5.4.1/../../../../arm-none-eabi/lib/armv6-m\libcr_c.a(fseek.o)
                0x0000606c                fseek
 .text.ftell    0x0000615c       0x48 c:/nxp/mcuxpressoide_10.0.2_411/ide/tools/bin/../lib/gcc/arm-none-eabi/5.4.1/../../../../arm-none-eabi/lib/armv6-m\libcr_c.a(ftell.o)
                0x0000615c                ftell
 .text.ldexp    0x000061a4       0x58 c:/nxp/mcuxpressoide_10.0.2_411/ide/tools/bin/../lib/gcc/arm-none-eabi/5.4.1/../../../../arm-none-eabi/lib/armv6-m\libcr_c.a(ldexp.o)
                0x000061a4                ldexp
 .text.remove   0x000061fc       0x12 c:/nxp/mcuxpressoide_10.0.2_411/ide/tools/bin/../lib/gcc/arm-none-eabi/5.4.1/../../../../arm-none-eabi/lib/armv6-m\libcr_c.a(remove.o)
                0x000061fc                remove
 *fill*         0x0000620e        0x2 ff
 .text._sbrk    0x00006210       0x40 c:/nxp/mcuxpressoide_10.0.2_411/ide/tools/bin/../lib/gcc/arm-none-eabi/5.4.1/../../../../arm-none-eabi/lib/armv6-m\libcr_c.a(_cr_sbrk.o)
                0x00006210                _sbrk
 .text._do_fflush
                0x00006250       0x48 c:/nxp/mcuxpressoide_10.0.2_411/ide/tools/bin/../lib/gcc/arm-none-eabi/5.4.1/../../../../arm-none-eabi/lib/armv6-m\libcr_c.a(_do_fflush.o)
                0x00006250                _do_fflush
 .text.__check_heap_overflow
                0x00006298       0x14 c:/nxp/mcuxpressoide_10.0.2_411/ide/tools/bin/../lib/gcc/arm-none-eabi/5.4.1/../../../../arm-none-eabi/lib/armv6-m\libcr_c.a(_cr_check_heap.o)
                0x00006298                __check_heap_overflow
 .text.__aeabi_division_idivmod
                0x000062ac       0x78 c:/nxp/mcuxpressoide_10.0.2_411/ide/tools/bin/../lib/gcc/arm-none-eabi/5.4.1/armv6-m\libcr_eabihelpers.a(division_32.o)
                0x000062ac                __aeabi_idivmod
                0x000062ac                __aeabi_idiv
                0x000062b2                __aeabi_uidivmod
                0x000062b2                __aeabi_uidiv
 .text.__aeabi_division_uldivmod
                0x00006324       0x5a c:/nxp/mcuxpressoide_10.0.2_411/ide/tools/bin/../lib/gcc/arm-none-eabi/5.4.1/armv6-m\libcr_eabihelpers.a(division_64.o)
                0x00006324                __aeabi_uldivmod
 .text.__aeabi_division_ldivmod
                0x0000637e       0x32 c:/nxp/mcuxpressoide_10.0.2_411/ide/tools/bin/../lib/gcc/arm-none-eabi/5.4.1/armv6-m\libcr_eabihelpers.a(division_64.o)
                0x0000637e                __aeabi_ldivmod
 .text.__aeabi_division_idiv0
                0x000063b0        0x2 c:/nxp/mcuxpressoide_10.0.2_411/ide/tools/bin/../lib/gcc/arm-none-eabi/5.4.1/armv6-m\libcr_eabihelpers.a(division_idiv0.o)
                0x000063b0                __aeabi_idiv0
 *fill*         0x000063b2        0x2 ff
 .text.__aeabi_dmul
                0x000063b4      0x17c c:/nxp/mcuxpressoide_10.0.2_411/ide/tools/bin/../lib/gcc/arm-none-eabi/5.4.1/armv6-m\libcr_eabihelpers.a(double.o)
                0x000063b4                __aeabi_dmul
 .text.__aeabi_ddiv
                0x00006530      0x14c c:/nxp/mcuxpressoide_10.0.2_411/ide/tools/bin/../lib/gcc/arm-none-eabi/5.4.1/armv6-m\libcr_eabihelpers.a(double.o)
                0x00006530                __aeabi_ddiv
 .text.__aeabi_dsub
                0x0000667c      0x1c8 c:/nxp/mcuxpressoide_10.0.2_411/ide/tools/bin/../lib/gcc/arm-none-eabi/5.4.1/armv6-m\libcr_eabihelpers.a(double.o)
                0x0000667c                __aeabi_dsub
 .text.__aeabi_dadd
                0x00006844      0x130 c:/nxp/mcuxpressoide_10.0.2_411/ide/tools/bin/../lib/gcc/arm-none-eabi/5.4.1/armv6-m\libcr_eabihelpers.a(double.o)
                0x00006844                __aeabi_dadd
 .text.__aeabi_d2f
                0x00006974       0x64 c:/nxp/mcuxpressoide_10.0.2_411/ide/tools/bin/../lib/gcc/arm-none-eabi/5.4.1/armv6-m\libcr_eabihelpers.a(double.o)
                0x00006974                __aeabi_d2f
 .text.__aeabi_d2iz
                0x000069d8       0x44 c:/nxp/mcuxpressoide_10.0.2_411/ide/tools/bin/../lib/gcc/arm-none-eabi/5.4.1/armv6-m\libcr_eabihelpers.a(double.o)
                0x000069d8                __aeabi_d2iz
 .text.__aeabi_d2lz
                0x00006a1c       0x78 c:/nxp/mcuxpressoide_10.0.2_411/ide/tools/bin/../lib/gcc/arm-none-eabi/5.4.1/armv6-m\libcr_eabihelpers.a(double.o)
                0x00006a1c                __aeabi_d2lz
 .text.__bhs_ui2d
                0x00006a94       0x5e c:/nxp/mcuxpressoide_10.0.2_411/ide/tools/bin/../lib/gcc/arm-none-eabi/5.4.1/armv6-m\libcr_eabihelpers.a(double.o)
                0x00006a94                __bhs_ui2d
 *fill*         0x00006af2        0x2 ff
 .text.__bhs_ul2d
                0x00006af4       0xb4 c:/nxp/mcuxpressoide_10.0.2_411/ide/tools/bin/../lib/gcc/arm-none-eabi/5.4.1/armv6-m\libcr_eabihelpers.a(double.o)
                0x00006af4                __bhs_ul2d
 .text.__aeabi_i2d
                0x00006ba8       0x16 c:/nxp/mcuxpressoide_10.0.2_411/ide/tools/bin/../lib/gcc/arm-none-eabi/5.4.1/armv6-m\libcr_eabihelpers.a(double.o)
                0x00006ba8                __aeabi_i2d
 .text.__aeabi_ui2d
                0x00006bbe        0xc c:/nxp/mcuxpressoide_10.0.2_411/ide/tools/bin/../lib/gcc/arm-none-eabi/5.4.1/armv6-m\libcr_eabihelpers.a(double.o)
                0x00006bbe                __aeabi_ui2d
 .text.__aeabi_l2d
                0x00006bca       0x20 c:/nxp/mcuxpressoide_10.0.2_411/ide/tools/bin/../lib/gcc/arm-none-eabi/5.4.1/armv6-m\libcr_eabihelpers.a(double.o)
                0x00006bca                __aeabi_l2d
 *fill*         0x00006bea        0x2 ff
 .text.__aeabi_dcmpeq
                0x00006bec       0x30 c:/nxp/mcuxpressoide_10.0.2_411/ide/tools/bin/../lib/gcc/arm-none-eabi/5.4.1/armv6-m\libcr_eabihelpers.a(double.o)
                0x00006bec                __aeabi_dcmpeq
 .text.__aeabi_dcmplt
                0x00006c1c       0x5c c:/nxp/mcuxpressoide_10.0.2_411/ide/tools/bin/../lib/gcc/arm-none-eabi/5.4.1/armv6-m\libcr_eabihelpers.a(double.o)
                0x00006c1c                __aeabi_dcmplt
 .text.__aeabi_dcmpgt
                0x00006c78       0x5c c:/nxp/mcuxpressoide_10.0.2_411/ide/tools/bin/../lib/gcc/arm-none-eabi/5.4.1/armv6-m\libcr_eabihelpers.a(double.o)
                0x00006c78                __aeabi_dcmpgt
 .text.__aeabi_dcmple
                0x00006cd4       0x5c c:/nxp/mcuxpressoide_10.0.2_411/ide/tools/bin/../lib/gcc/arm-none-eabi/5.4.1/armv6-m\libcr_eabihelpers.a(double.o)
                0x00006cd4                __aeabi_dcmple
 .text.__aeabi_dcmpge
                0x00006d30       0x60 c:/nxp/mcuxpressoide_10.0.2_411/ide/tools/bin/../lib/gcc/arm-none-eabi/5.4.1/armv6-m\libcr_eabihelpers.a(double.o)
                0x00006d30                __aeabi_dcmpge
 .text.__aeabi_fmul
                0x00006d90       0xc4 c:/nxp/mcuxpressoide_10.0.2_411/ide/tools/bin/../lib/gcc/arm-none-eabi/5.4.1/armv6-m\libcr_eabihelpers.a(float.o)
                0x00006d90                __aeabi_fmul
 .text.__aeabi_fsub
                0x00006e54      0x130 c:/nxp/mcuxpressoide_10.0.2_411/ide/tools/bin/../lib/gcc/arm-none-eabi/5.4.1/armv6-m\libcr_eabihelpers.a(float.o)
                0x00006e54                __aeabi_fsub
 .text.__aeabi_fadd
                0x00006f84       0xb8 c:/nxp/mcuxpressoide_10.0.2_411/ide/tools/bin/../lib/gcc/arm-none-eabi/5.4.1/armv6-m\libcr_eabihelpers.a(float.o)
                0x00006f84                __aeabi_fadd
 .text.__aeabi_f2uiz
                0x0000703c       0x28 c:/nxp/mcuxpressoide_10.0.2_411/ide/tools/bin/../lib/gcc/arm-none-eabi/5.4.1/armv6-m\libcr_eabihelpers.a(float.o)
                0x0000703c                __aeabi_f2uiz
 .text.__bhs_ui2f
                0x00007064       0x62 c:/nxp/mcuxpressoide_10.0.2_411/ide/tools/bin/../lib/gcc/arm-none-eabi/5.4.1/armv6-m\libcr_eabihelpers.a(float.o)
                0x00007064                __bhs_ui2f
 .text.__aeabi_ui2f
                0x000070c6        0xc c:/nxp/mcuxpressoide_10.0.2_411/ide/tools/bin/../lib/gcc/arm-none-eabi/5.4.1/armv6-m\libcr_eabihelpers.a(float.o)
                0x000070c6                __aeabi_ui2f
 *fill*         0x000070d2        0x2 ff
 .text.__aeabi_f2d
                0x000070d4       0x40 c:/nxp/mcuxpressoide_10.0.2_411/ide/tools/bin/../lib/gcc/arm-none-eabi/5.4.1/armv6-m\libcr_eabihelpers.a(float.o)
                0x000070d4                __aeabi_f2d
 .text.__aeabi_fcmplt
                0x00007114       0x44 c:/nxp/mcuxpressoide_10.0.2_411/ide/tools/bin/../lib/gcc/arm-none-eabi/5.4.1/armv6-m\libcr_eabihelpers.a(float.o)
                0x00007114                __aeabi_fcmplt
 .text.__aeabi_fcmpgt
                0x00007158       0x3e c:/nxp/mcuxpressoide_10.0.2_411/ide/tools/bin/../lib/gcc/arm-none-eabi/5.4.1/armv6-m\libcr_eabihelpers.a(float.o)
                0x00007158                __aeabi_fcmpgt
 .text.__aeabi_llong_lmul
                0x00007196       0x2e c:/nxp/mcuxpressoide_10.0.2_411/ide/tools/bin/../lib/gcc/arm-none-eabi/5.4.1/armv6-m\libcr_eabihelpers.a(llong.o)
                0x00007196                __aeabi_lmul
 .text.__aeabi_memset_lowlevel
                0x000071c4       0x2a c:/nxp/mcuxpressoide_10.0.2_411/ide/tools/bin/../lib/gcc/arm-none-eabi/5.4.1/armv6-m\libcr_eabihelpers.a(memcpy.o)
                0x000071c4                __aeabi_lowlevel_memset
 .text.__sys_appexit
                0x000071ee        0x2 c:/nxp/mcuxpressoide_10.0.2_411/ide/tools/bin/../lib/gcc/arm-none-eabi/5.4.1/../../../../arm-none-eabi/lib/armv6-m\libcr_nohost_nf.a(__sys_appexit.o)
                0x000071ee                __sys_appexit
                0x000071ee                __exit
 .text.__sys_close
                0x000071f0        0x6 c:/nxp/mcuxpressoide_10.0.2_411/ide/tools/bin/../lib/gcc/arm-none-eabi/5.4.1/../../../../arm-none-eabi/lib/armv6-m\libcr_nohost_nf.a(__sys_close.o)
                0x000071f0                __sys_close
 .text.__sys_flen
                0x000071f6        0x6 c:/nxp/mcuxpressoide_10.0.2_411/ide/tools/bin/../lib/gcc/arm-none-eabi/5.4.1/../../../../arm-none-eabi/lib/armv6-m\libcr_nohost_nf.a(__sys_flen.o)
                0x000071f6                __sys_flen
 .text.__sys_istty
                0x000071fc        0x6 c:/nxp/mcuxpressoide_10.0.2_411/ide/tools/bin/../lib/gcc/arm-none-eabi/5.4.1/../../../../arm-none-eabi/lib/armv6-m\libcr_nohost_nf.a(__sys_istty.o)
                0x000071fc                __sys_istty
 .text.__sys_read
                0x00007202        0x4 c:/nxp/mcuxpressoide_10.0.2_411/ide/tools/bin/../lib/gcc/arm-none-eabi/5.4.1/../../../../arm-none-eabi/lib/armv6-m\libcr_nohost_nf.a(__sys_read.o)
                0x00007202                __sys_read
 .text.__sys_readc
                0x00007206        0x6 c:/nxp/mcuxpressoide_10.0.2_411/ide/tools/bin/../lib/gcc/arm-none-eabi/5.4.1/../../../../arm-none-eabi/lib/armv6-m\libcr_nohost_nf.a(__sys_readc.o)
                0x00007206                __sys_readc
                0x00007206                __readc
 .text.__sys_remove
                0x0000720c        0x6 c:/nxp/mcuxpressoide_10.0.2_411/ide/tools/bin/../lib/gcc/arm-none-eabi/5.4.1/../../../../arm-none-eabi/lib/armv6-m\libcr_nohost_nf.a(__sys_remove.o)
                0x0000720c                __sys_remove
 .text.__sys_seek
                0x00007212        0x6 c:/nxp/mcuxpressoide_10.0.2_411/ide/tools/bin/../lib/gcc/arm-none-eabi/5.4.1/../../../../arm-none-eabi/lib/armv6-m\libcr_nohost_nf.a(__sys_seek.o)
                0x00007212                __sys_seek
 .text.__sys_tmpnam
                0x00007218        0x6 c:/nxp/mcuxpressoide_10.0.2_411/ide/tools/bin/../lib/gcc/arm-none-eabi/5.4.1/../../../../arm-none-eabi/lib/armv6-m\libcr_nohost_nf.a(__sys_tmpnam.o)
                0x00007218                __sys_tmpnam
 .text.__sys_write
                0x0000721e        0x4 c:/nxp/mcuxpressoide_10.0.2_411/ide/tools/bin/../lib/gcc/arm-none-eabi/5.4.1/../../../../arm-none-eabi/lib/armv6-m\libcr_nohost_nf.a(__sys_write.o)
                0x0000721e                __sys_write
 *(.rodata .rodata.* .constdata .constdata.*)
 *fill*         0x00007222        0x2 ff
 .rodata.DbgConsole_PrintfFormattedData
                0x00007224       0x44 ./utilities/fsl_debug_console.o
 .rodata.DbgConsole_ScanfFormattedData
                0x00007268      0x13c ./utilities/fsl_debug_console.o
 .rodata        0x000073a4      0x142 ./source/TFC_Test.o
 *fill*         0x000074e6        0x2 ff
 .rodata        0x000074e8      0x11d ./drivers/fsl_clock.o
 *fill*         0x00007605        0x3 ff
 .rodata.fllFactorTable.5253
                0x00007608       0x10 ./drivers/fsl_clock.o
 .rodata        0x00007618        0x4 ./drivers/fsl_common.o
 .rodata        0x0000761c      0x48c ./drivers/fsl_lpsci.o
 .rodata.s_uartBases
                0x00007aa8        0xc ./drivers/fsl_uart.o
 .rodata.s_uartClock
                0x00007ab4        0xc ./drivers/fsl_uart.o
 .rodata        0x00007ac0      0x45b ./drivers/fsl_uart.o
 *fill*         0x00007f1b        0x1 ff
 .rodata.mcgConfig_BOARD_BootClockRUN
                0x00007f1c        0xa ./board/clock_config.o
                0x00007f1c                mcgConfig_BOARD_BootClockRUN
 *fill*         0x00007f26        0x2 ff
 .rodata.simConfig_BOARD_BootClockRUN
                0x00007f28        0x8 ./board/clock_config.o
                0x00007f28                simConfig_BOARD_BootClockRUN
 .rodata.oscConfig_BOARD_BootClockRUN
                0x00007f30        0x8 ./board/clock_config.o
                0x00007f30                oscConfig_BOARD_BootClockRUN
 .rodata.__huge_val
                0x00007f38        0x8 c:/nxp/mcuxpressoide_10.0.2_411/ide/tools/bin/../lib/gcc/arm-none-eabi/5.4.1/../../../../arm-none-eabi/lib/armv6-m\libcr_c.a(_hugeval.o)
                0x00007f38                __huge_val
 .rodata.__huge_vall
                0x00007f40        0x8 c:/nxp/mcuxpressoide_10.0.2_411/ide/tools/bin/../lib/gcc/arm-none-eabi/5.4.1/../../../../arm-none-eabi/lib/armv6-m\libcr_c.a(_hugeval.o)
                0x00007f40                __huge_vall
 .rodata.str1.1
                0x00007f48        0x4 c:/nxp/mcuxpressoide_10.0.2_411/ide/tools/bin/../lib/gcc/arm-none-eabi/5.4.1/../../../../arm-none-eabi/lib/armv6-m\libcr_c.a(initio.o)
 *fill*         0x00007f4c        0x4 ff
 .rodata.a2.3996
                0x00007f50       0x40 c:/nxp/mcuxpressoide_10.0.2_411/ide/tools/bin/../lib/gcc/arm-none-eabi/5.4.1/../../../../arm-none-eabi/lib/armv6-m\libcr_c.a(pow.o)
 .rodata.a1.3995
                0x00007f90       0x88 c:/nxp/mcuxpressoide_10.0.2_411/ide/tools/bin/../lib/gcc/arm-none-eabi/5.4.1/../../../../arm-none-eabi/lib/armv6-m\libcr_c.a(pow.o)
 .rodata.str1.1
                0x00008018        0x6 c:/nxp/mcuxpressoide_10.0.2_411/ide/tools/bin/../lib/gcc/arm-none-eabi/5.4.1/../../../../arm-none-eabi/lib/armv6-m\libcr_c.a(scanf.o)
 .rodata.str1.1
                0x0000801e       0x18 c:/nxp/mcuxpressoide_10.0.2_411/ide/tools/bin/../lib/gcc/arm-none-eabi/5.4.1/../../../../arm-none-eabi/lib/armv6-m\libcr_c.a(alloc.o)
 .rodata.__ctype
                0x00008036      0x180 c:/nxp/mcuxpressoide_10.0.2_411/ide/tools/bin/../lib/gcc/arm-none-eabi/5.4.1/../../../../arm-none-eabi/lib/armv6-m\libcr_c.a(ctype.o)
                0x00008036                __ctype
 *fill*         0x000081b6        0x2 ff
 .rodata.__num_Ciob_streams
                0x000081b8        0x4 c:/nxp/mcuxpressoide_10.0.2_411/ide/tools/bin/../lib/gcc/arm-none-eabi/5.4.1/../../../../arm-none-eabi/lib/armv6-m\libcr_nohost_nf.a(__ciob.o)
                0x000081b8                __num_Ciob_streams
                0x000081bc                . = ALIGN (0x4)

.glue_7         0x000081bc        0x0
 .glue_7        0x000081bc        0x0 linker stubs

.glue_7t        0x000081bc        0x0
 .glue_7t       0x000081bc        0x0 linker stubs

.vfp11_veneer   0x000081bc        0x0
 .vfp11_veneer  0x000081bc        0x0 linker stubs

.v4_bx          0x000081bc        0x0
 .v4_bx         0x000081bc        0x0 linker stubs

.iplt           0x000081bc        0x0
 .iplt          0x000081bc        0x0 ./utilities/fsl_debug_console.o

.rel.dyn        0x000081bc        0x0
 .rel.iplt      0x000081bc        0x0 ./utilities/fsl_debug_console.o

.ARM.extab
 *(.ARM.extab* .gnu.linkonce.armextab.*)
                0x000081bc                __exidx_start = .

.ARM.exidx
 *(.ARM.exidx* .gnu.linkonce.armexidx.*)
                0x000081bc                __exidx_end = .
                0x000081bc                _etext = .

.m_usb_data
 *(m_usb_bdt)

.mtb_buffer_default
                0x1ffff000       0x80
 *(.mtb*)
 .mtb.$RAM1     0x1ffff000       0x80 ./source/mtb.o
                0x1ffff000                __mtb_buffer__

.uninit_RESERVED
                0x1ffff080        0x0
 *(.bss.$RESERVED*)
                0x1ffff080                . = ALIGN (0x4)
                0x1ffff080                _end_uninit_RESERVED = .

.data           0x1ffff080       0x14 load address 0x000081bc
 FILL mask 0xff
                0x1ffff080                _data = .
 *(vtable)
 *(.ramfunc*)
 *(.data*)
 .data.s_slowIrcFreq
                0x1ffff080        0x4 ./drivers/fsl_clock.o
 .data.s_fastIrcFreq
                0x1ffff084        0x4 ./drivers/fsl_clock.o
 .data.SystemCoreClock
                0x1ffff088        0x4 ./CMSIS/system_MKL25Z4.o
                0x1ffff088                SystemCoreClock
 .data.posinf.4429
                0x1ffff08c        0x4 c:/nxp/mcuxpressoide_10.0.2_411/ide/tools/bin/../lib/gcc/arm-none-eabi/5.4.1/../../../../arm-none-eabi/lib/armv6-m\libcr_c.a(scanf.o)
 .data.neginf.4430
                0x1ffff090        0x4 c:/nxp/mcuxpressoide_10.0.2_411/ide/tools/bin/../lib/gcc/arm-none-eabi/5.4.1/../../../../arm-none-eabi/lib/armv6-m\libcr_c.a(scanf.o)
                0x1ffff094                . = ALIGN (0x4)
                0x1ffff094                _edata = .

.igot.plt       0x1ffff094        0x0 load address 0x000081d0
 .igot.plt      0x1ffff094        0x0 ./utilities/fsl_debug_console.o

.bss            0x1ffff098      0x53c load address 0x000081d0
                0x1ffff098                _bss = .
 *(.bss*)
 .bss.fnum      0x1ffff098        0x8 ./utilities/fsl_debug_console.o
 .bss.s_debugConsole
                0x1ffff0a0       0x10 ./utilities/fsl_debug_console.o
 .bss.g_xtal0Freq
                0x1ffff0b0        0x4 ./drivers/fsl_clock.o
                0x1ffff0b0                g_xtal0Freq
 .bss.s_lpsciHandle
                0x1ffff0b4        0x4 ./drivers/fsl_lpsci.o
 .bss.s_lpsciIsr
                0x1ffff0b8        0x4 ./drivers/fsl_lpsci.o
 .bss.s_uartHandle
                0x1ffff0bc        0xc ./drivers/fsl_uart.o
 .bss.s_uartIsr
                0x1ffff0c8        0x4 ./drivers/fsl_uart.o
 .bss.PotADC_Value
                0x1ffff0cc        0x4 ./TFC/TFC_ADC.o
                0x1ffff0cc                PotADC_Value
 .bss.BatSenseADC_Value
                0x1ffff0d0        0x2 ./TFC/TFC_ADC.o
                0x1ffff0d0                BatSenseADC_Value
 .bss.CurrentADC_State
                0x1ffff0d2        0x1 ./TFC/TFC_ADC.o
 .bss.CurrentLineScanPixel
                0x1ffff0d3        0x1 ./TFC/TFC_ADC.o
                0x1ffff0d3                CurrentLineScanPixel
 .bss.CurrentLineScanChannel
                0x1ffff0d4        0x1 ./TFC/TFC_ADC.o
                0x1ffff0d4                CurrentLineScanChannel
 *fill*         0x1ffff0d5        0x3 
 .bss.DelayTimerTick
                0x1ffff0d8        0x4 ./TFC/TFC_ARM_SysTick.o
 .bss.TFC_Ticker
                0x1ffff0dc       0x10 ./TFC/TFC_ARM_SysTick.o
                0x1ffff0dc                TFC_Ticker
 .bss.LineScanImage0WorkingBuffer
                0x1ffff0ec        0x4 ./TFC/TFC_LineScanCamera.o
                0x1ffff0ec                LineScanImage0WorkingBuffer
 .bss.LineScanImage1WorkingBuffer
                0x1ffff0f0        0x4 ./TFC/TFC_LineScanCamera.o
                0x1ffff0f0                LineScanImage1WorkingBuffer
 .bss.LineScanImage0
                0x1ffff0f4        0x4 ./TFC/TFC_LineScanCamera.o
                0x1ffff0f4                LineScanImage0
 .bss.LineScanImage1
                0x1ffff0f8        0x4 ./TFC/TFC_LineScanCamera.o
                0x1ffff0f8                LineScanImage1
 .bss.LineScanImage0Buffer
                0x1ffff0fc      0x200 ./TFC/TFC_LineScanCamera.o
                0x1ffff0fc                LineScanImage0Buffer
 .bss.LineScanImage1Buffer
                0x1ffff2fc      0x200 ./TFC/TFC_LineScanCamera.o
                0x1ffff2fc                LineScanImage1Buffer
 .bss.LineScanWorkingBuffer
                0x1ffff4fc        0x1 ./TFC/TFC_LineScanCamera.o
                0x1ffff4fc                LineScanWorkingBuffer
 .bss.LineScanImageReady
                0x1ffff4fd        0x1 ./TFC/TFC_LineScanCamera.o
                0x1ffff4fd                LineScanImageReady
 *fill*         0x1ffff4fe        0x2 
 .bss._ServoDutyCycleMin
                0x1ffff500        0x4 ./TFC/TFC_Servo.o
                0x1ffff500                _ServoDutyCycleMin
 .bss._ServoDutyCycleMax
                0x1ffff504        0x4 ./TFC/TFC_Servo.o
                0x1ffff504                _ServoDutyCycleMax
 .bss._ServoPeriod
                0x1ffff508        0x4 ./TFC/TFC_Servo.o
                0x1ffff508                _ServoPeriod
 .bss.QueuedServo0Val
                0x1ffff50c        0x2 ./TFC/TFC_Servo.o
                0x1ffff50c                QueuedServo0Val
 .bss.QueuedServo1Val
                0x1ffff50e        0x2 ./TFC/TFC_Servo.o
                0x1ffff50e                QueuedServo1Val
 .bss.ServoTicker
                0x1ffff510        0x1 ./TFC/TFC_Servo.o
                0x1ffff510                ServoTicker
 *fill*         0x1ffff511        0x3 
 .bss.errno     0x1ffff514        0x4 c:/nxp/mcuxpressoide_10.0.2_411/ide/tools/bin/../lib/gcc/arm-none-eabi/5.4.1/../../../../arm-none-eabi/lib/armv6-m\libcr_c.a(errno.o)
                0x1ffff514                errno
 .bss.__heaps   0x1ffff518        0x4 c:/nxp/mcuxpressoide_10.0.2_411/ide/tools/bin/../lib/gcc/arm-none-eabi/5.4.1/../../../../arm-none-eabi/lib/armv6-m\libcr_c.a(__init_alloc.o)
                0x1ffff518                __heaps
 .bss.__end_of_heap
                0x1ffff51c        0x4 c:/nxp/mcuxpressoide_10.0.2_411/ide/tools/bin/../lib/gcc/arm-none-eabi/5.4.1/../../../../arm-none-eabi/lib/armv6-m\libcr_c.a(__init_alloc.o)
                0x1ffff51c                __end_of_heap
 .bss.__Ciob    0x1ffff520       0xb4 c:/nxp/mcuxpressoide_10.0.2_411/ide/tools/bin/../lib/gcc/arm-none-eabi/5.4.1/../../../../arm-none-eabi/lib/armv6-m\libcr_nohost_nf.a(__ciob.o)
                0x1ffff520                __Ciob
 *(COMMON)
                0x1ffff5d4                . = ALIGN (0x4)
                0x1ffff5d4                _ebss = .
                [!provide]                PROVIDE (end, .)

.noinit         0x1ffff5d4        0x0 load address 0x000081d0
                0x1ffff5d4                _noinit = .
 *(.noinit*)
                0x1ffff5d4                . = ALIGN (0x4)
                0x1ffff5d4                _end_noinit = .

.heap           0x1ffff5d4      0x400 load address 0x000081d0
                0x1ffff5d4                _pvHeapStart = .
                0x1ffff9d4                . = (. + 0x400)
 *fill*         0x1ffff5d4      0x400 
                0x1ffff9d4                . = ALIGN (0x4)
                0x1ffff9d4                _pvHeapLimit = .

.heap2stackfill
                0x1ffff9d4      0x400 load address 0x000081d0
                0x1ffffdd4                . = (. + 0x400)
 *fill*         0x1ffff9d4      0x400 

.stack          0x20002c00        0x0
                0x20002c00                _vStackBase = .
                0x20002c00                . = ALIGN (0x4)
                0x20003000                _vStackTop = (. + 0x400)
OUTPUT(FRDM_TFC.axf elf32-littlearm)

.debug_info     0x00000000     0x99af
 .debug_info    0x00000000      0xf8c ./utilities/fsl_debug_console.o
 .debug_info    0x00000f8c      0x49b ./startup/startup_mkl25z4.o
 .debug_info    0x00001427      0x17b ./source/TFC_Test.o
 .debug_info    0x000015a2       0x4d ./source/mtb.o
 .debug_info    0x000015ef     0x1908 ./drivers/fsl_clock.o
 .debug_info    0x00002ef7      0x405 ./drivers/fsl_common.o
 .debug_info    0x000032fc     0x1358 ./drivers/fsl_lpsci.o
 .debug_info    0x00004654     0x1302 ./drivers/fsl_uart.o
 .debug_info    0x00005956      0x380 ./board/board.o
 .debug_info    0x00005cd6      0xa02 ./board/clock_config.o
 .debug_info    0x000066d8      0x51e ./board/pin_mux.o
 .debug_info    0x00006bf6       0xb3 ./TFC/TFC.o
 .debug_info    0x00006ca9      0xd3f ./TFC/TFC_ADC.o
 .debug_info    0x000079e8      0x608 ./TFC/TFC_ARM_SysTick.o
 .debug_info    0x00007ff0      0x2a7 ./TFC/TFC_BoardSupport.o
 .debug_info    0x00008297      0x6a6 ./TFC/TFC_LineScanCamera.o
 .debug_info    0x0000893d      0x438 ./TFC/TFC_Motor.o
 .debug_info    0x00008d75      0x875 ./TFC/TFC_Servo.o
 .debug_info    0x000095ea      0x3c5 ./CMSIS/system_MKL25Z4.o

.debug_abbrev   0x00000000     0x1d53
 .debug_abbrev  0x00000000      0x25c ./utilities/fsl_debug_console.o
 .debug_abbrev  0x0000025c      0x12e ./startup/startup_mkl25z4.o
 .debug_abbrev  0x0000038a       0xad ./source/TFC_Test.o
 .debug_abbrev  0x00000437       0x3e ./source/mtb.o
 .debug_abbrev  0x00000475      0x2ff ./drivers/fsl_clock.o
 .debug_abbrev  0x00000774      0x22d ./drivers/fsl_common.o
 .debug_abbrev  0x000009a1      0x293 ./drivers/fsl_lpsci.o
 .debug_abbrev  0x00000c34      0x2ab ./drivers/fsl_uart.o
 .debug_abbrev  0x00000edf      0x115 ./board/board.o
 .debug_abbrev  0x00000ff4      0x1d8 ./board/clock_config.o
 .debug_abbrev  0x000011cc      0x15f ./board/pin_mux.o
 .debug_abbrev  0x0000132b       0x5e ./TFC/TFC.o
 .debug_abbrev  0x00001389      0x27f ./TFC/TFC_ADC.o
 .debug_abbrev  0x00001608      0x1b7 ./TFC/TFC_ARM_SysTick.o
 .debug_abbrev  0x000017bf       0xbf ./TFC/TFC_BoardSupport.o
 .debug_abbrev  0x0000187e      0x147 ./TFC/TFC_LineScanCamera.o
 .debug_abbrev  0x000019c5      0x104 ./TFC/TFC_Motor.o
 .debug_abbrev  0x00001ac9      0x184 ./TFC/TFC_Servo.o
 .debug_abbrev  0x00001c4d      0x106 ./CMSIS/system_MKL25Z4.o

.debug_aranges  0x00000000      0x8e8
 .debug_aranges
                0x00000000       0x98 ./utilities/fsl_debug_console.o
 .debug_aranges
                0x00000098      0x160 ./startup/startup_mkl25z4.o
 .debug_aranges
                0x000001f8       0x20 ./source/TFC_Test.o
 .debug_aranges
                0x00000218       0x18 ./source/mtb.o
 .debug_aranges
                0x00000230      0x1d8 ./drivers/fsl_clock.o
 .debug_aranges
                0x00000408       0x38 ./drivers/fsl_common.o
 .debug_aranges
                0x00000440      0x118 ./drivers/fsl_lpsci.o
 .debug_aranges
                0x00000558      0x130 ./drivers/fsl_uart.o
 .debug_aranges
                0x00000688       0x28 ./board/board.o
 .debug_aranges
                0x000006b0       0x50 ./board/clock_config.o
 .debug_aranges
                0x00000700       0x30 ./board/pin_mux.o
 .debug_aranges
                0x00000730       0x20 ./TFC/TFC.o
 .debug_aranges
                0x00000750       0x80 ./TFC/TFC_ADC.o
 .debug_aranges
                0x000007d0       0x40 ./TFC/TFC_ARM_SysTick.o
 .debug_aranges
                0x00000810       0x20 ./TFC/TFC_BoardSupport.o
 .debug_aranges
                0x00000830       0x28 ./TFC/TFC_LineScanCamera.o
 .debug_aranges
                0x00000858       0x28 ./TFC/TFC_Motor.o
 .debug_aranges
                0x00000880       0x40 ./TFC/TFC_Servo.o
 .debug_aranges
                0x000008c0       0x28 ./CMSIS/system_MKL25Z4.o

.debug_ranges   0x00000000      0x7b0
 .debug_ranges  0x00000000       0x88 ./utilities/fsl_debug_console.o
 .debug_ranges  0x00000088      0x150 ./startup/startup_mkl25z4.o
 .debug_ranges  0x000001d8       0x10 ./source/TFC_Test.o
 .debug_ranges  0x000001e8      0x1c8 ./drivers/fsl_clock.o
 .debug_ranges  0x000003b0       0x28 ./drivers/fsl_common.o
 .debug_ranges  0x000003d8      0x108 ./drivers/fsl_lpsci.o
 .debug_ranges  0x000004e0      0x120 ./drivers/fsl_uart.o
 .debug_ranges  0x00000600       0x18 ./board/board.o
 .debug_ranges  0x00000618       0x40 ./board/clock_config.o
 .debug_ranges  0x00000658       0x20 ./board/pin_mux.o
 .debug_ranges  0x00000678       0x10 ./TFC/TFC.o
 .debug_ranges  0x00000688       0x70 ./TFC/TFC_ADC.o
 .debug_ranges  0x000006f8       0x30 ./TFC/TFC_ARM_SysTick.o
 .debug_ranges  0x00000728       0x10 ./TFC/TFC_BoardSupport.o
 .debug_ranges  0x00000738       0x18 ./TFC/TFC_LineScanCamera.o
 .debug_ranges  0x00000750       0x18 ./TFC/TFC_Motor.o
 .debug_ranges  0x00000768       0x30 ./TFC/TFC_Servo.o
 .debug_ranges  0x00000798       0x18 ./CMSIS/system_MKL25Z4.o

.debug_line     0x00000000     0x3173
 .debug_line    0x00000000      0x7af ./utilities/fsl_debug_console.o
 .debug_line    0x000007af      0x128 ./startup/startup_mkl25z4.o
 .debug_line    0x000008d7      0x19c ./source/TFC_Test.o
 .debug_line    0x00000a73       0x30 ./source/mtb.o
 .debug_line    0x00000aa3      0x880 ./drivers/fsl_clock.o
 .debug_line    0x00001323      0x197 ./drivers/fsl_common.o
 .debug_line    0x000014ba      0x687 ./drivers/fsl_lpsci.o
 .debug_line    0x00001b41      0x68a ./drivers/fsl_uart.o
 .debug_line    0x000021cb      0x11d ./board/board.o
 .debug_line    0x000022e8      0x1b7 ./board/clock_config.o
 .debug_line    0x0000249f      0x147 ./board/pin_mux.o
 .debug_line    0x000025e6       0xc9 ./TFC/TFC.o
 .debug_line    0x000026af      0x2fa ./TFC/TFC_ADC.o
 .debug_line    0x000029a9      0x1b6 ./TFC/TFC_ARM_SysTick.o
 .debug_line    0x00002b5f      0x10e ./TFC/TFC_BoardSupport.o
 .debug_line    0x00002c6d      0x141 ./TFC/TFC_LineScanCamera.o
 .debug_line    0x00002dae      0x13a ./TFC/TFC_Motor.o
 .debug_line    0x00002ee8      0x19e ./TFC/TFC_Servo.o
 .debug_line    0x00003086       0xed ./CMSIS/system_MKL25Z4.o

.debug_str      0x00000000     0x413b
 .debug_str     0x00000000      0xdf0 ./utilities/fsl_debug_console.o
                                0xe92 (size before relaxing)
 .debug_str     0x00000df0      0x380 ./startup/startup_mkl25z4.o
                                0x494 (size before relaxing)
 .debug_str     0x00001170       0x7d ./source/TFC_Test.o
                                0x239 (size before relaxing)
 .debug_str     0x000011ed       0x1f ./source/mtb.o
                                0x125 (size before relaxing)
 .debug_str     0x0000120c     0x107a ./drivers/fsl_clock.o
                               0x178d (size before relaxing)
 .debug_str     0x00002286      0x302 ./drivers/fsl_common.o
                                0x4af (size before relaxing)
 .debug_str     0x00002588      0x9ce ./drivers/fsl_lpsci.o
                               0x1555 (size before relaxing)
 .debug_str     0x00002f56      0x819 ./drivers/fsl_uart.o
                               0x1561 (size before relaxing)
 .debug_str     0x0000376f       0x4c ./board/board.o
                                0x2d1 (size before relaxing)
 .debug_str     0x000037bb      0x2e3 ./board/clock_config.o
                                0xd6f (size before relaxing)
 .debug_str     0x00003a9e      0x155 ./board/pin_mux.o
                                0x56a (size before relaxing)
 .debug_str     0x00003bf3       0x16 ./TFC/TFC.o
                                0x1ca (size before relaxing)
 .debug_str     0x00003c09      0x2ae ./TFC/TFC_ADC.o
                                0xc75 (size before relaxing)
 .debug_str     0x00003eb7       0x97 ./TFC/TFC_ARM_SysTick.o
                                0x932 (size before relaxing)
 .debug_str     0x00003f4e       0x27 ./TFC/TFC_BoardSupport.o
                                0x2b9 (size before relaxing)
 .debug_str     0x00003f75       0x59 ./TFC/TFC_LineScanCamera.o
                                0x891 (size before relaxing)
 .debug_str     0x00003fce       0x65 ./TFC/TFC_Motor.o
                                0x321 (size before relaxing)
 .debug_str     0x00004033       0xb9 ./TFC/TFC_Servo.o
                                0xa51 (size before relaxing)
 .debug_str     0x000040ec       0x4f ./CMSIS/system_MKL25Z4.o
                                0x2de (size before relaxing)

.comment        0x00000000       0x6e
 .comment       0x00000000       0x6e ./utilities/fsl_debug_console.o
                                 0x6f (size before relaxing)
 .comment       0x0000006e       0x6f ./startup/startup_mkl25z4.o
 .comment       0x0000006e       0x6f ./source/TFC_Test.o
 .comment       0x0000006e       0x6f ./source/mtb.o
 .comment       0x0000006e       0x6f ./drivers/fsl_clock.o
 .comment       0x0000006e       0x6f ./drivers/fsl_common.o
 .comment       0x0000006e       0x6f ./drivers/fsl_lpsci.o
 .comment       0x0000006e       0x6f ./drivers/fsl_uart.o
 .comment       0x0000006e       0x6f ./board/board.o
 .comment       0x0000006e       0x6f ./board/clock_config.o
 .comment       0x0000006e       0x6f ./board/pin_mux.o
 .comment       0x0000006e       0x6f ./TFC/TFC.o
 .comment       0x0000006e       0x6f ./TFC/TFC_ADC.o
 .comment       0x0000006e       0x6f ./TFC/TFC_ARM_SysTick.o
 .comment       0x0000006e       0x6f ./TFC/TFC_BoardSupport.o
 .comment       0x0000006e       0x6f ./TFC/TFC_LineScanCamera.o
 .comment       0x0000006e       0x6f ./TFC/TFC_Motor.o
 .comment       0x0000006e       0x6f ./TFC/TFC_Servo.o
 .comment       0x0000006e       0x6f ./CMSIS/system_MKL25Z4.o
 .comment       0x0000006e       0x6f c:/nxp/mcuxpressoide_10.0.2_411/ide/tools/bin/../lib/gcc/arm-none-eabi/5.4.1/../../../../arm-none-eabi/lib/armv6-m\libcr_nohost_nf.a(_cr__main.o)
 .comment       0x0000006e       0x6f c:/nxp/mcuxpressoide_10.0.2_411/ide/tools/bin/../lib/gcc/arm-none-eabi/5.4.1/../../../../arm-none-eabi/lib/armv6-m\libcr_c.a(memset.o)
 .comment       0x0000006e       0x6f c:/nxp/mcuxpressoide_10.0.2_411/ide/tools/bin/../lib/gcc/arm-none-eabi/5.4.1/../../../../arm-none-eabi/lib/armv6-m\libcr_c.a(_hugeval.o)
 .comment       0x0000006e       0x6f c:/nxp/mcuxpressoide_10.0.2_411/ide/tools/bin/../lib/gcc/arm-none-eabi/5.4.1/../../../../arm-none-eabi/lib/armv6-m\libcr_c.a(initio.o)
 .comment       0x0000006e       0x6f c:/nxp/mcuxpressoide_10.0.2_411/ide/tools/bin/../lib/gcc/arm-none-eabi/5.4.1/../../../../arm-none-eabi/lib/armv6-m\libcr_c.a(modf.o)
 .comment       0x0000006e       0x6f c:/nxp/mcuxpressoide_10.0.2_411/ide/tools/bin/../lib/gcc/arm-none-eabi/5.4.1/../../../../arm-none-eabi/lib/armv6-m\libcr_c.a(pow.o)
 .comment       0x0000006e       0x6f c:/nxp/mcuxpressoide_10.0.2_411/ide/tools/bin/../lib/gcc/arm-none-eabi/5.4.1/../../../../arm-none-eabi/lib/armv6-m\libcr_c.a(scanf.o)
 .comment       0x0000006e       0x6f c:/nxp/mcuxpressoide_10.0.2_411/ide/tools/bin/../lib/gcc/arm-none-eabi/5.4.1/../../../../arm-none-eabi/lib/armv6-m\libcr_c.a(setvbuf.o)
 .comment       0x0000006e       0x6f c:/nxp/mcuxpressoide_10.0.2_411/ide/tools/bin/../lib/gcc/arm-none-eabi/5.4.1/../../../../arm-none-eabi/lib/armv6-m\libcr_c.a(strlen.o)
 .comment       0x0000006e       0x6f c:/nxp/mcuxpressoide_10.0.2_411/ide/tools/bin/../lib/gcc/arm-none-eabi/5.4.1/../../../../arm-none-eabi/lib/armv6-m\libcr_c.a(ungetc.o)
 .comment       0x0000006e       0x6f c:/nxp/mcuxpressoide_10.0.2_411/ide/tools/bin/../lib/gcc/arm-none-eabi/5.4.1/../../../../arm-none-eabi/lib/armv6-m\libcr_c.a(__fillbuf.o)
 .comment       0x0000006e       0x6f c:/nxp/mcuxpressoide_10.0.2_411/ide/tools/bin/../lib/gcc/arm-none-eabi/5.4.1/../../../../arm-none-eabi/lib/armv6-m\libcr_c.a(_deferredlazyseek.o)
 .comment       0x0000006e       0x6f c:/nxp/mcuxpressoide_10.0.2_411/ide/tools/bin/../lib/gcc/arm-none-eabi/5.4.1/../../../../arm-none-eabi/lib/armv6-m\libcr_c.a(_fdopen.o)
 .comment       0x0000006e       0x6f c:/nxp/mcuxpressoide_10.0.2_411/ide/tools/bin/../lib/gcc/arm-none-eabi/5.4.1/../../../../arm-none-eabi/lib/armv6-m\libcr_c.a(_fflush.o)
 .comment       0x0000006e       0x6f c:/nxp/mcuxpressoide_10.0.2_411/ide/tools/bin/../lib/gcc/arm-none-eabi/5.4.1/../../../../arm-none-eabi/lib/armv6-m\libcr_c.a(_frexpl.o)
 .comment       0x0000006e       0x6f c:/nxp/mcuxpressoide_10.0.2_411/ide/tools/bin/../lib/gcc/arm-none-eabi/5.4.1/../../../../arm-none-eabi/lib/armv6-m\libcr_c.a(_ldexpl.o)
 .comment       0x0000006e       0x6f c:/nxp/mcuxpressoide_10.0.2_411/ide/tools/bin/../lib/gcc/arm-none-eabi/5.4.1/../../../../arm-none-eabi/lib/armv6-m\libcr_c.a(_writebuf.o)
 .comment       0x0000006e       0x6f c:/nxp/mcuxpressoide_10.0.2_411/ide/tools/bin/../lib/gcc/arm-none-eabi/5.4.1/../../../../arm-none-eabi/lib/armv6-m\libcr_c.a(alloc.o)
 .comment       0x0000006e       0x6f c:/nxp/mcuxpressoide_10.0.2_411/ide/tools/bin/../lib/gcc/arm-none-eabi/5.4.1/../../../../arm-none-eabi/lib/armv6-m\libcr_c.a(ctype.o)
 .comment       0x0000006e       0x6f c:/nxp/mcuxpressoide_10.0.2_411/ide/tools/bin/../lib/gcc/arm-none-eabi/5.4.1/../../../../arm-none-eabi/lib/armv6-m\libcr_c.a(errno.o)
 .comment       0x0000006e       0x6f c:/nxp/mcuxpressoide_10.0.2_411/ide/tools/bin/../lib/gcc/arm-none-eabi/5.4.1/../../../../arm-none-eabi/lib/armv6-m\libcr_c.a(fclose.o)
 .comment       0x0000006e       0x6f c:/nxp/mcuxpressoide_10.0.2_411/ide/tools/bin/../lib/gcc/arm-none-eabi/5.4.1/../../../../arm-none-eabi/lib/armv6-m\libcr_c.a(fflush.o)
 .comment       0x0000006e       0x6f c:/nxp/mcuxpressoide_10.0.2_411/ide/tools/bin/../lib/gcc/arm-none-eabi/5.4.1/../../../../arm-none-eabi/lib/armv6-m\libcr_c.a(frexp.o)
 .comment       0x0000006e       0x6f c:/nxp/mcuxpressoide_10.0.2_411/ide/tools/bin/../lib/gcc/arm-none-eabi/5.4.1/../../../../arm-none-eabi/lib/armv6-m\libcr_c.a(fseek.o)
 .comment       0x0000006e       0x6f c:/nxp/mcuxpressoide_10.0.2_411/ide/tools/bin/../lib/gcc/arm-none-eabi/5.4.1/../../../../arm-none-eabi/lib/armv6-m\libcr_c.a(ftell.o)
 .comment       0x0000006e       0x6f c:/nxp/mcuxpressoide_10.0.2_411/ide/tools/bin/../lib/gcc/arm-none-eabi/5.4.1/../../../../arm-none-eabi/lib/armv6-m\libcr_c.a(ldexp.o)
 .comment       0x0000006e       0x6f c:/nxp/mcuxpressoide_10.0.2_411/ide/tools/bin/../lib/gcc/arm-none-eabi/5.4.1/../../../../arm-none-eabi/lib/armv6-m\libcr_c.a(remove.o)
 .comment       0x0000006e       0x6f c:/nxp/mcuxpressoide_10.0.2_411/ide/tools/bin/../lib/gcc/arm-none-eabi/5.4.1/../../../../arm-none-eabi/lib/armv6-m\libcr_c.a(__init_alloc.o)
 .comment       0x0000006e       0x6f c:/nxp/mcuxpressoide_10.0.2_411/ide/tools/bin/../lib/gcc/arm-none-eabi/5.4.1/../../../../arm-none-eabi/lib/armv6-m\libcr_c.a(_cr_sbrk.o)
 .comment       0x0000006e       0x6f c:/nxp/mcuxpressoide_10.0.2_411/ide/tools/bin/../lib/gcc/arm-none-eabi/5.4.1/../../../../arm-none-eabi/lib/armv6-m\libcr_c.a(_do_fflush.o)
 .comment       0x0000006e       0x6f c:/nxp/mcuxpressoide_10.0.2_411/ide/tools/bin/../lib/gcc/arm-none-eabi/5.4.1/../../../../arm-none-eabi/lib/armv6-m\libcr_c.a(_cr_check_heap.o)
 .comment       0x0000006e       0x6f c:/nxp/mcuxpressoide_10.0.2_411/ide/tools/bin/../lib/gcc/arm-none-eabi/5.4.1/armv6-m\libcr_eabihelpers.a(double.o)
 .comment       0x0000006e       0x6f c:/nxp/mcuxpressoide_10.0.2_411/ide/tools/bin/../lib/gcc/arm-none-eabi/5.4.1/armv6-m\libcr_eabihelpers.a(float.o)
 .comment       0x0000006e       0x6f c:/nxp/mcuxpressoide_10.0.2_411/ide/tools/bin/../lib/gcc/arm-none-eabi/5.4.1/../../../../arm-none-eabi/lib/armv6-m\libcr_nohost_nf.a(__ciob.o)
 .comment       0x0000006e       0x6f c:/nxp/mcuxpressoide_10.0.2_411/ide/tools/bin/../lib/gcc/arm-none-eabi/5.4.1/../../../../arm-none-eabi/lib/armv6-m\libcr_nohost_nf.a(__sys_appexit.o)
 .comment       0x0000006e       0x6f c:/nxp/mcuxpressoide_10.0.2_411/ide/tools/bin/../lib/gcc/arm-none-eabi/5.4.1/../../../../arm-none-eabi/lib/armv6-m\libcr_nohost_nf.a(__sys_close.o)
 .comment       0x0000006e       0x6f c:/nxp/mcuxpressoide_10.0.2_411/ide/tools/bin/../lib/gcc/arm-none-eabi/5.4.1/../../../../arm-none-eabi/lib/armv6-m\libcr_nohost_nf.a(__sys_flen.o)
 .comment       0x0000006e       0x6f c:/nxp/mcuxpressoide_10.0.2_411/ide/tools/bin/../lib/gcc/arm-none-eabi/5.4.1/../../../../arm-none-eabi/lib/armv6-m\libcr_nohost_nf.a(__sys_istty.o)
 .comment       0x0000006e       0x6f c:/nxp/mcuxpressoide_10.0.2_411/ide/tools/bin/../lib/gcc/arm-none-eabi/5.4.1/../../../../arm-none-eabi/lib/armv6-m\libcr_nohost_nf.a(__sys_read.o)
 .comment       0x0000006e       0x6f c:/nxp/mcuxpressoide_10.0.2_411/ide/tools/bin/../lib/gcc/arm-none-eabi/5.4.1/../../../../arm-none-eabi/lib/armv6-m\libcr_nohost_nf.a(__sys_readc.o)
 .comment       0x0000006e       0x6f c:/nxp/mcuxpressoide_10.0.2_411/ide/tools/bin/../lib/gcc/arm-none-eabi/5.4.1/../../../../arm-none-eabi/lib/armv6-m\libcr_nohost_nf.a(__sys_remove.o)
 .comment       0x0000006e       0x6f c:/nxp/mcuxpressoide_10.0.2_411/ide/tools/bin/../lib/gcc/arm-none-eabi/5.4.1/../../../../arm-none-eabi/lib/armv6-m\libcr_nohost_nf.a(__sys_seek.o)
 .comment       0x0000006e       0x6f c:/nxp/mcuxpressoide_10.0.2_411/ide/tools/bin/../lib/gcc/arm-none-eabi/5.4.1/../../../../arm-none-eabi/lib/armv6-m\libcr_nohost_nf.a(__sys_tmpnam.o)
 .comment       0x0000006e       0x6f c:/nxp/mcuxpressoide_10.0.2_411/ide/tools/bin/../lib/gcc/arm-none-eabi/5.4.1/../../../../arm-none-eabi/lib/armv6-m\libcr_nohost_nf.a(__sys_write.o)

.ARM.attributes
                0x00000000       0x30
 .ARM.attributes
                0x00000000       0x32 ./utilities/fsl_debug_console.o
 .ARM.attributes
                0x00000032       0x32 ./startup/startup_mkl25z4.o
 .ARM.attributes
                0x00000064       0x32 ./source/TFC_Test.o
 .ARM.attributes
                0x00000096       0x32 ./source/mtb.o
 .ARM.attributes
                0x000000c8       0x32 ./drivers/fsl_clock.o
 .ARM.attributes
                0x000000fa       0x32 ./drivers/fsl_common.o
 .ARM.attributes
                0x0000012c       0x32 ./drivers/fsl_lpsci.o
 .ARM.attributes
                0x0000015e       0x32 ./drivers/fsl_uart.o
 .ARM.attributes
                0x00000190       0x32 ./board/board.o
 .ARM.attributes
                0x000001c2       0x32 ./board/clock_config.o
 .ARM.attributes
                0x000001f4       0x32 ./board/pin_mux.o
 .ARM.attributes
                0x00000226       0x32 ./TFC/TFC.o
 .ARM.attributes
                0x00000258       0x32 ./TFC/TFC_ADC.o
 .ARM.attributes
                0x0000028a       0x32 ./TFC/TFC_ARM_SysTick.o
 .ARM.attributes
                0x000002bc       0x32 ./TFC/TFC_BoardSupport.o
 .ARM.attributes
                0x000002ee       0x32 ./TFC/TFC_LineScanCamera.o
 .ARM.attributes
                0x00000320       0x32 ./TFC/TFC_Motor.o
 .ARM.attributes
                0x00000352       0x32 ./TFC/TFC_Servo.o
 .ARM.attributes
                0x00000384       0x32 ./CMSIS/system_MKL25Z4.o
 .ARM.attributes
                0x000003b6       0x31 c:/nxp/mcuxpressoide_10.0.2_411/ide/tools/bin/../lib/gcc/arm-none-eabi/5.4.1/../../../../arm-none-eabi/lib/armv6-m\libcr_nohost_nf.a(_cr__main.o)
 .ARM.attributes
                0x000003e7       0x31 c:/nxp/mcuxpressoide_10.0.2_411/ide/tools/bin/../lib/gcc/arm-none-eabi/5.4.1/../../../../arm-none-eabi/lib/armv6-m\libcr_c.a(memset.o)
 .ARM.attributes
                0x00000418       0x31 c:/nxp/mcuxpressoide_10.0.2_411/ide/tools/bin/../lib/gcc/arm-none-eabi/5.4.1/../../../../arm-none-eabi/lib/armv6-m\libcr_c.a(_hugeval.o)
 .ARM.attributes
                0x00000449       0x31 c:/nxp/mcuxpressoide_10.0.2_411/ide/tools/bin/../lib/gcc/arm-none-eabi/5.4.1/../../../../arm-none-eabi/lib/armv6-m\libcr_c.a(initio.o)
 .ARM.attributes
                0x0000047a       0x31 c:/nxp/mcuxpressoide_10.0.2_411/ide/tools/bin/../lib/gcc/arm-none-eabi/5.4.1/../../../../arm-none-eabi/lib/armv6-m\libcr_c.a(modf.o)
 .ARM.attributes
                0x000004ab       0x31 c:/nxp/mcuxpressoide_10.0.2_411/ide/tools/bin/../lib/gcc/arm-none-eabi/5.4.1/../../../../arm-none-eabi/lib/armv6-m\libcr_c.a(pow.o)
 .ARM.attributes
                0x000004dc       0x31 c:/nxp/mcuxpressoide_10.0.2_411/ide/tools/bin/../lib/gcc/arm-none-eabi/5.4.1/../../../../arm-none-eabi/lib/armv6-m\libcr_c.a(scanf.o)
 .ARM.attributes
                0x0000050d       0x31 c:/nxp/mcuxpressoide_10.0.2_411/ide/tools/bin/../lib/gcc/arm-none-eabi/5.4.1/../../../../arm-none-eabi/lib/armv6-m\libcr_c.a(setvbuf.o)
 .ARM.attributes
                0x0000053e       0x31 c:/nxp/mcuxpressoide_10.0.2_411/ide/tools/bin/../lib/gcc/arm-none-eabi/5.4.1/../../../../arm-none-eabi/lib/armv6-m\libcr_c.a(strlen.o)
 .ARM.attributes
                0x0000056f       0x31 c:/nxp/mcuxpressoide_10.0.2_411/ide/tools/bin/../lib/gcc/arm-none-eabi/5.4.1/../../../../arm-none-eabi/lib/armv6-m\libcr_c.a(ungetc.o)
 .ARM.attributes
                0x000005a0       0x31 c:/nxp/mcuxpressoide_10.0.2_411/ide/tools/bin/../lib/gcc/arm-none-eabi/5.4.1/../../../../arm-none-eabi/lib/armv6-m\libcr_c.a(__fillbuf.o)
 .ARM.attributes
                0x000005d1       0x31 c:/nxp/mcuxpressoide_10.0.2_411/ide/tools/bin/../lib/gcc/arm-none-eabi/5.4.1/../../../../arm-none-eabi/lib/armv6-m\libcr_c.a(_deferredlazyseek.o)
 .ARM.attributes
                0x00000602       0x31 c:/nxp/mcuxpressoide_10.0.2_411/ide/tools/bin/../lib/gcc/arm-none-eabi/5.4.1/../../../../arm-none-eabi/lib/armv6-m\libcr_c.a(_fdopen.o)
 .ARM.attributes
                0x00000633       0x31 c:/nxp/mcuxpressoide_10.0.2_411/ide/tools/bin/../lib/gcc/arm-none-eabi/5.4.1/../../../../arm-none-eabi/lib/armv6-m\libcr_c.a(_fflush.o)
 .ARM.attributes
                0x00000664       0x31 c:/nxp/mcuxpressoide_10.0.2_411/ide/tools/bin/../lib/gcc/arm-none-eabi/5.4.1/../../../../arm-none-eabi/lib/armv6-m\libcr_c.a(_frexpl.o)
 .ARM.attributes
                0x00000695       0x31 c:/nxp/mcuxpressoide_10.0.2_411/ide/tools/bin/../lib/gcc/arm-none-eabi/5.4.1/../../../../arm-none-eabi/lib/armv6-m\libcr_c.a(_ldexpl.o)
 .ARM.attributes
                0x000006c6       0x31 c:/nxp/mcuxpressoide_10.0.2_411/ide/tools/bin/../lib/gcc/arm-none-eabi/5.4.1/../../../../arm-none-eabi/lib/armv6-m\libcr_c.a(_writebuf.o)
 .ARM.attributes
                0x000006f7       0x31 c:/nxp/mcuxpressoide_10.0.2_411/ide/tools/bin/../lib/gcc/arm-none-eabi/5.4.1/../../../../arm-none-eabi/lib/armv6-m\libcr_c.a(alloc.o)
 .ARM.attributes
                0x00000728       0x31 c:/nxp/mcuxpressoide_10.0.2_411/ide/tools/bin/../lib/gcc/arm-none-eabi/5.4.1/../../../../arm-none-eabi/lib/armv6-m\libcr_c.a(ctype.o)
 .ARM.attributes
                0x00000759       0x31 c:/nxp/mcuxpressoide_10.0.2_411/ide/tools/bin/../lib/gcc/arm-none-eabi/5.4.1/../../../../arm-none-eabi/lib/armv6-m\libcr_c.a(errno.o)
 .ARM.attributes
                0x0000078a       0x31 c:/nxp/mcuxpressoide_10.0.2_411/ide/tools/bin/../lib/gcc/arm-none-eabi/5.4.1/../../../../arm-none-eabi/lib/armv6-m\libcr_c.a(fclose.o)
 .ARM.attributes
                0x000007bb       0x31 c:/nxp/mcuxpressoide_10.0.2_411/ide/tools/bin/../lib/gcc/arm-none-eabi/5.4.1/../../../../arm-none-eabi/lib/armv6-m\libcr_c.a(fflush.o)
 .ARM.attributes
                0x000007ec       0x31 c:/nxp/mcuxpressoide_10.0.2_411/ide/tools/bin/../lib/gcc/arm-none-eabi/5.4.1/../../../../arm-none-eabi/lib/armv6-m\libcr_c.a(frexp.o)
 .ARM.attributes
                0x0000081d       0x31 c:/nxp/mcuxpressoide_10.0.2_411/ide/tools/bin/../lib/gcc/arm-none-eabi/5.4.1/../../../../arm-none-eabi/lib/armv6-m\libcr_c.a(fseek.o)
 .ARM.attributes
                0x0000084e       0x31 c:/nxp/mcuxpressoide_10.0.2_411/ide/tools/bin/../lib/gcc/arm-none-eabi/5.4.1/../../../../arm-none-eabi/lib/armv6-m\libcr_c.a(ftell.o)
 .ARM.attributes
                0x0000087f       0x31 c:/nxp/mcuxpressoide_10.0.2_411/ide/tools/bin/../lib/gcc/arm-none-eabi/5.4.1/../../../../arm-none-eabi/lib/armv6-m\libcr_c.a(ldexp.o)
 .ARM.attributes
                0x000008b0       0x31 c:/nxp/mcuxpressoide_10.0.2_411/ide/tools/bin/../lib/gcc/arm-none-eabi/5.4.1/../../../../arm-none-eabi/lib/armv6-m\libcr_c.a(remove.o)
 .ARM.attributes
                0x000008e1       0x31 c:/nxp/mcuxpressoide_10.0.2_411/ide/tools/bin/../lib/gcc/arm-none-eabi/5.4.1/../../../../arm-none-eabi/lib/armv6-m\libcr_c.a(__init_alloc.o)
 .ARM.attributes
                0x00000912       0x31 c:/nxp/mcuxpressoide_10.0.2_411/ide/tools/bin/../lib/gcc/arm-none-eabi/5.4.1/../../../../arm-none-eabi/lib/armv6-m\libcr_c.a(_cr_sbrk.o)
 .ARM.attributes
                0x00000943       0x31 c:/nxp/mcuxpressoide_10.0.2_411/ide/tools/bin/../lib/gcc/arm-none-eabi/5.4.1/../../../../arm-none-eabi/lib/armv6-m\libcr_c.a(_do_fflush.o)
 .ARM.attributes
                0x00000974       0x31 c:/nxp/mcuxpressoide_10.0.2_411/ide/tools/bin/../lib/gcc/arm-none-eabi/5.4.1/../../../../arm-none-eabi/lib/armv6-m\libcr_c.a(_cr_check_heap.o)
 .ARM.attributes
                0x000009a5       0x21 c:/nxp/mcuxpressoide_10.0.2_411/ide/tools/bin/../lib/gcc/arm-none-eabi/5.4.1/armv6-m\libcr_eabihelpers.a(division_32.o)
 .ARM.attributes
                0x000009c6       0x21 c:/nxp/mcuxpressoide_10.0.2_411/ide/tools/bin/../lib/gcc/arm-none-eabi/5.4.1/armv6-m\libcr_eabihelpers.a(division_64.o)
 .ARM.attributes
                0x000009e7       0x21 c:/nxp/mcuxpressoide_10.0.2_411/ide/tools/bin/../lib/gcc/arm-none-eabi/5.4.1/armv6-m\libcr_eabihelpers.a(division_idiv0.o)
 .ARM.attributes
                0x00000a08       0x31 c:/nxp/mcuxpressoide_10.0.2_411/ide/tools/bin/../lib/gcc/arm-none-eabi/5.4.1/armv6-m\libcr_eabihelpers.a(double.o)
 .ARM.attributes
                0x00000a39       0x31 c:/nxp/mcuxpressoide_10.0.2_411/ide/tools/bin/../lib/gcc/arm-none-eabi/5.4.1/armv6-m\libcr_eabihelpers.a(float.o)
 .ARM.attributes
                0x00000a6a       0x21 c:/nxp/mcuxpressoide_10.0.2_411/ide/tools/bin/../lib/gcc/arm-none-eabi/5.4.1/armv6-m\libcr_eabihelpers.a(llong.o)
 .ARM.attributes
                0x00000a8b       0x21 c:/nxp/mcuxpressoide_10.0.2_411/ide/tools/bin/../lib/gcc/arm-none-eabi/5.4.1/armv6-m\libcr_eabihelpers.a(memcpy.o)
 .ARM.attributes
                0x00000aac       0x31 c:/nxp/mcuxpressoide_10.0.2_411/ide/tools/bin/../lib/gcc/arm-none-eabi/5.4.1/../../../../arm-none-eabi/lib/armv6-m\libcr_nohost_nf.a(__ciob.o)
 .ARM.attributes
                0x00000add       0x31 c:/nxp/mcuxpressoide_10.0.2_411/ide/tools/bin/../lib/gcc/arm-none-eabi/5.4.1/../../../../arm-none-eabi/lib/armv6-m\libcr_nohost_nf.a(__sys_appexit.o)
 .ARM.attributes
                0x00000b0e       0x31 c:/nxp/mcuxpressoide_10.0.2_411/ide/tools/bin/../lib/gcc/arm-none-eabi/5.4.1/../../../../arm-none-eabi/lib/armv6-m\libcr_nohost_nf.a(__sys_close.o)
 .ARM.attributes
                0x00000b3f       0x31 c:/nxp/mcuxpressoide_10.0.2_411/ide/tools/bin/../lib/gcc/arm-none-eabi/5.4.1/../../../../arm-none-eabi/lib/armv6-m\libcr_nohost_nf.a(__sys_flen.o)
 .ARM.attributes
                0x00000b70       0x31 c:/nxp/mcuxpressoide_10.0.2_411/ide/tools/bin/../lib/gcc/arm-none-eabi/5.4.1/../../../../arm-none-eabi/lib/armv6-m\libcr_nohost_nf.a(__sys_istty.o)
 .ARM.attributes
                0x00000ba1       0x31 c:/nxp/mcuxpressoide_10.0.2_411/ide/tools/bin/../lib/gcc/arm-none-eabi/5.4.1/../../../../arm-none-eabi/lib/armv6-m\libcr_nohost_nf.a(__sys_read.o)
 .ARM.attributes
                0x00000bd2       0x31 c:/nxp/mcuxpressoide_10.0.2_411/ide/tools/bin/../lib/gcc/arm-none-eabi/5.4.1/../../../../arm-none-eabi/lib/armv6-m\libcr_nohost_nf.a(__sys_readc.o)
 .ARM.attributes
                0x00000c03       0x31 c:/nxp/mcuxpressoide_10.0.2_411/ide/tools/bin/../lib/gcc/arm-none-eabi/5.4.1/../../../../arm-none-eabi/lib/armv6-m\libcr_nohost_nf.a(__sys_remove.o)
 .ARM.attributes
                0x00000c34       0x31 c:/nxp/mcuxpressoide_10.0.2_411/ide/tools/bin/../lib/gcc/arm-none-eabi/5.4.1/../../../../arm-none-eabi/lib/armv6-m\libcr_nohost_nf.a(__sys_seek.o)
 .ARM.attributes
                0x00000c65       0x31 c:/nxp/mcuxpressoide_10.0.2_411/ide/tools/bin/../lib/gcc/arm-none-eabi/5.4.1/../../../../arm-none-eabi/lib/armv6-m\libcr_nohost_nf.a(__sys_tmpnam.o)
 .ARM.attributes
                0x00000c96       0x31 c:/nxp/mcuxpressoide_10.0.2_411/ide/tools/bin/../lib/gcc/arm-none-eabi/5.4.1/../../../../arm-none-eabi/lib/armv6-m\libcr_nohost_nf.a(__sys_write.o)

.debug_frame    0x00000000     0x1bcc
 .debug_frame   0x00000000      0x224 ./utilities/fsl_debug_console.o
 .debug_frame   0x00000224      0x3b0 ./startup/startup_mkl25z4.o
 .debug_frame   0x000005d4       0x30 ./source/TFC_Test.o
 .debug_frame   0x00000604      0x6dc ./drivers/fsl_clock.o
 .debug_frame   0x00000ce0       0x90 ./drivers/fsl_common.o
 .debug_frame   0x00000d70      0x410 ./drivers/fsl_lpsci.o
 .debug_frame   0x00001180      0x464 ./drivers/fsl_uart.o
 .debug_frame   0x000015e4       0x50 ./board/board.o
 .debug_frame   0x00001634       0xe4 ./board/clock_config.o
 .debug_frame   0x00001718       0x6c ./board/pin_mux.o
 .debug_frame   0x00001784       0x2c ./TFC/TFC.o
 .debug_frame   0x000017b0      0x1a4 ./TFC/TFC_ADC.o
 .debug_frame   0x00001954       0xb4 ./TFC/TFC_ARM_SysTick.o
 .debug_frame   0x00001a08       0x2c ./TFC/TFC_BoardSupport.o
 .debug_frame   0x00001a34       0x4c ./TFC/TFC_LineScanCamera.o
 .debug_frame   0x00001a80       0x50 ./TFC/TFC_Motor.o
 .debug_frame   0x00001ad0       0xb0 ./TFC/TFC_Servo.o
 .debug_frame   0x00001b80       0x4c ./CMSIS/system_MKL25Z4.o
